Archive member included because of file (symbol)

.\CortexM0\ARM_GCC_493\Debug\BLE Lab 3 HeartRate.a(cyfitter_cfg.o)
                              .\CortexM0\ARM_GCC_493\Debug\Cm0Start.o (cyfitter_cfg)
.\CortexM0\ARM_GCC_493\Debug\BLE Lab 3 HeartRate.a(SW2_Switch.o)
                              .\CortexM0\ARM_GCC_493\Debug\main.o (SW2_Switch_ClearInterrupt)
.\CortexM0\ARM_GCC_493\Debug\BLE Lab 3 HeartRate.a(Wakeup_ISR.o)
                              .\CortexM0\ARM_GCC_493\Debug\main.o (Wakeup_ISR_Start)
.\CortexM0\ARM_GCC_493\Debug\BLE Lab 3 HeartRate.a(Led_Advertising_Green.o)
                              .\CortexM0\ARM_GCC_493\Debug\main.o (Led_Advertising_Green_Write)
.\CortexM0\ARM_GCC_493\Debug\BLE Lab 3 HeartRate.a(Led_Connected_Blue.o)
                              .\CortexM0\ARM_GCC_493\Debug\main.o (Led_Connected_Blue_Write)
.\CortexM0\ARM_GCC_493\Debug\BLE Lab 3 HeartRate.a(BLE_hrs.o)
                              .\CortexM0\ARM_GCC_493\Debug\main.o (CyBle_HrsRegisterAttrCallback)
.\CortexM0\ARM_GCC_493\Debug\BLE Lab 3 HeartRate.a(BLE.o)
                              .\CortexM0\ARM_GCC_493\Debug\BLE Lab 3 HeartRate.a(BLE_hrs.o) (CyBle_ApplCallback)
.\CortexM0\ARM_GCC_493\Debug\BLE Lab 3 HeartRate.a(BLE_gatt.o)
                              .\CortexM0\ARM_GCC_493\Debug\BleProcessing.o (cyBle_state)
.\CortexM0\ARM_GCC_493\Debug\BLE Lab 3 HeartRate.a(BLE_eventHandler.o)
                              .\CortexM0\ARM_GCC_493\Debug\BleProcessing.o (cyBle_connHandle)
.\CortexM0\ARM_GCC_493\Debug\BLE Lab 3 HeartRate.a(BLE_dis.o)
                              .\CortexM0\ARM_GCC_493\Debug\BLE Lab 3 HeartRate.a(BLE.o) (CyBle_DisInit)
.\CortexM0\ARM_GCC_493\Debug\BLE Lab 3 HeartRate.a(Opamp.o)
                              .\CortexM0\ARM_GCC_493\Debug\main.o (Opamp_Start)
.\CortexM0\ARM_GCC_493\Debug\BLE Lab 3 HeartRate.a(Opamp_PM.o)
                              .\CortexM0\ARM_GCC_493\Debug\main.o (Opamp_Sleep)
.\CortexM0\ARM_GCC_493\Debug\BLE Lab 3 HeartRate.a(ADC.o)
                              .\CortexM0\ARM_GCC_493\Debug\main.o (ADC_Start)
.\CortexM0\ARM_GCC_493\Debug\BLE Lab 3 HeartRate.a(ADC_PM.o)
                              .\CortexM0\ARM_GCC_493\Debug\main.o (ADC_Sleep)
.\CortexM0\ARM_GCC_493\Debug\BLE Lab 3 HeartRate.a(ADC_INT.o)
                              .\CortexM0\ARM_GCC_493\Debug\BLE Lab 3 HeartRate.a(ADC.o) (ADC_ISR)
.\CortexM0\ARM_GCC_493\Debug\BLE Lab 3 HeartRate.a(CyBootAsmGnu.o)
                              .\CortexM0\ARM_GCC_493\Debug\BLE Lab 3 HeartRate.a(cyfitter_cfg.o) (CyDelayCycles)
.\CortexM0\ARM_GCC_493\Debug\BLE Lab 3 HeartRate.a(CyLib.o)
                              .\CortexM0\ARM_GCC_493\Debug\BLE Lab 3 HeartRate.a(cyfitter_cfg.o) (CySysClkWriteImoFreq)
.\CortexM0\ARM_GCC_493\Debug\BLE Lab 3 HeartRate.a(cyPm.o)
                              .\CortexM0\ARM_GCC_493\Debug\main.o (CySysPmSleep)
.\CortexM0\ARM_GCC_493\Debug\BLE Lab 3 HeartRate.a(CyLFClk.o)
                              .\CortexM0\ARM_GCC_493\Debug\BLE Lab 3 HeartRate.a(cyfitter_cfg.o) (CySysClkWcoStart)
Z:\Program Files (x86)\Cypress\PSoC Creator\3.3\PSoC Creator\psoc\content\cycomponentlibrary\CyComponentLibrary.cylib\BLE_v2_0\Library\gccCyBLEStack_BLE_SOC_PERIPHERAL.a(CyBle.o)
                              .\CortexM0\ARM_GCC_493\Debug\main.o (CyBle_EnterLPM)
Z:\Program Files (x86)\Cypress\PSoC Creator\3.3\PSoC Creator\psoc\content\cycomponentlibrary\CyComponentLibrary.cylib\BLE_v2_0\Library\gccCyBLEStack_BLE_SOC_PERIPHERAL.a(CyBleStackMgrIP_Interface.o)
                              Z:\Program Files (x86)\Cypress\PSoC Creator\3.3\PSoC Creator\psoc\content\cycomponentlibrary\CyComponentLibrary.cylib\BLE_v2_0\Library\gccCyBLEStack_BLE_SOC_PERIPHERAL.a(CyBle.o) (CyBleStackMgr_Init)
Z:\Program Files (x86)\Cypress\PSoC Creator\3.3\PSoC Creator\psoc\content\cycomponentlibrary\CyComponentLibrary.cylib\BLE_v2_0\Library\gccCyBLEStack_BLE_SOC_PERIPHERAL.a(BT_os.o)
                              Z:\Program Files (x86)\Cypress\PSoC Creator\3.3\PSoC Creator\psoc\content\cycomponentlibrary\CyComponentLibrary.cylib\BLE_v2_0\Library\gccCyBLEStack_BLE_SOC_PERIPHERAL.a(CyBleStackMgrIP_Interface.o) (cyBleStackMemoryConfig)
Z:\Program Files (x86)\Cypress\PSoC Creator\3.3\PSoC Creator\psoc\content\cycomponentlibrary\CyComponentLibrary.cylib\BLE_v2_0\Library\gccCyBLEStack_BLE_SOC_PERIPHERAL.a(CyBleStackMgr_StackTaskHandler.o)
                              Z:\Program Files (x86)\Cypress\PSoC Creator\3.3\PSoC Creator\psoc\content\cycomponentlibrary\CyComponentLibrary.cylib\BLE_v2_0\Library\gccCyBLEStack_BLE_SOC_PERIPHERAL.a(CyBleStackMgrIP_Interface.o) (CyBle_CreateBleStackTask)
Z:\Program Files (x86)\Cypress\PSoC Creator\3.3\PSoC Creator\psoc\content\cycomponentlibrary\CyComponentLibrary.cylib\BLE_v2_0\Library\gccCyBLEStack_BLE_SOC_PERIPHERAL.a(transport_sf.o)
[...]
Memory Configuration

Name             Origin             Length             Attributes
rom              0x00000000         0x00020000         xr
ram              0x20000000         0x00004000         xrw
*default*        0x00000000         0xffffffff

Linker script and memory map

LOAD z:/program files (x86)/cypress/psoc creator/3.3/psoc creator/import/gnu/arm/4.9.3/bin/../lib/gcc/arm-none-eabi/4.9.3/armv6-m/crti.o
LOAD z:/program files (x86)/cypress/psoc creator/3.3/psoc creator/import/gnu/arm/4.9.3/bin/../lib/gcc/arm-none-eabi/4.9.3/armv6-m/crtbegin.o
LOAD z:/program files (x86)/cypress/psoc creator/3.3/psoc creator/import/gnu/arm/4.9.3/bin/../lib/gcc/arm-none-eabi/4.9.3/../../../../arm-none-eabi/lib/armv6-m/crt0.o
START GROUP
LOAD .\CortexM0\ARM_GCC_493\Debug\main.o
LOAD .\CortexM0\ARM_GCC_493\Debug\HeartRateProcessing.o
LOAD .\CortexM0\ARM_GCC_493\Debug\BleProcessing.o
LOAD .\CortexM0\ARM_GCC_493\Debug\WatchdogTimer.o
LOAD .\CortexM0\ARM_GCC_493\Debug\cymetadata.o
LOAD .\CortexM0\ARM_GCC_493\Debug\Cm0Start.o
LOAD .\CortexM0\ARM_GCC_493\Debug\BLE Lab 3 HeartRate.a
LOAD Z:\Program Files (x86)\Cypress\PSoC Creator\3.3\PSoC Creator\psoc\content\cycomponentlibrary\CyComponentLibrary.cylib\BLE_v2_0\Library\gccCyBLEStack_BLE_SOC_PERIPHERAL.a
LOAD Z:\Program Files (x86)\Cypress\PSoC Creator\3.3\PSoC Creator\psoc\content\cycomponentlibrary\CyComponentLibrary.cylib\CortexM0\ARM_GCC_493\Debug\CyComponentLibrary.a
END GROUP
START GROUP
LOAD z:/program files (x86)/cypress/psoc creator/3.3/psoc creator/import/gnu/arm/4.9.3/bin/../lib/gcc/arm-none-eabi/4.9.3/armv6-m\libgcc.a
LOAD z:/program files (x86)/cypress/psoc creator/3.3/psoc creator/import/gnu/arm/4.9.3/bin/../lib/gcc/arm-none-eabi/4.9.3/../../../../arm-none-eabi/lib/armv6-m\libg_nano.a
LOAD z:/program files (x86)/cypress/psoc creator/3.3/psoc creator/import/gnu/arm/4.9.3/bin/../lib/gcc/arm-none-eabi/4.9.3/../../../../arm-none-eabi/lib/armv6-m\libc_nano.a
END GROUP
START GROUP
LOAD z:/program files (x86)/cypress/psoc creator/3.3/psoc creator/import/gnu/arm/4.9.3/bin/../lib/gcc/arm-none-eabi/4.9.3/armv6-m\libgcc.a
LOAD z:/program files (x86)/cypress/psoc creator/3.3/psoc creator/import/gnu/arm/4.9.3/bin/../lib/gcc/arm-none-eabi/4.9.3/../../../../arm-none-eabi/lib/armv6-m\libc_nano.a
END GROUP
LOAD z:/program files (x86)/cypress/psoc creator/3.3/psoc creator/import/gnu/arm/4.9.3/bin/../lib/gcc/arm-none-eabi/4.9.3/armv6-m/crtend.o
LOAD z:/program files (x86)/cypress/psoc creator/3.3/psoc creator/import/gnu/arm/4.9.3/bin/../lib/gcc/arm-none-eabi/4.9.3/armv6-m/crtn.o
START GROUP
LOAD z:/program files (x86)/cypress/psoc creator/3.3/psoc creator/import/gnu/arm/4.9.3/bin/../lib/gcc/arm-none-eabi/4.9.3/armv6-m\libgcc.a
LOAD z:/program files (x86)/cypress/psoc creator/3.3/psoc creator/import/gnu/arm/4.9.3/bin/../lib/gcc/arm-none-eabi/4.9.3/../../../../arm-none-eabi/lib/armv6-m\libc.a
LOAD z:/program files (x86)/cypress/psoc creator/3.3/psoc creator/import/gnu/arm/4.9.3/bin/../lib/gcc/arm-none-eabi/4.9.3/../../../../arm-none-eabi/lib/armv6-m\libnosys.a
END GROUP
                0x00000000                CY_APPL_ORIGIN = 0x0
                0x00000080                CY_FLASH_ROW_SIZE = 0x80
                0x00000001                CY_APPL_NUM = 0x1
                0x00000040                CY_METADATA_SIZE = 0x40
                0x20001dd8                PROVIDE (__cy_heap_start, _end)
                0x00000001                PROVIDE (__cy_region_num, ((__cy_regions_end - __cy_regions) / 0x10))
                0x20004000                PROVIDE (__cy_stack, (ORIGIN (ram) + 0x4000))
                0x20003c00                PROVIDE (__cy_heap_end, (__cy_stack - 0x400))

.cybootloader   0x00000000        0x0
 *(.cybootloader)
                0x00000000                appl1_start = CY_APPL_ORIGIN?CY_APPL_ORIGIN:ALIGN (CY_FLASH_ROW_SIZE)
                0x0000ff80                appl2_start = (appl1_start + ALIGN ((((0x20000 - appl1_start) - (0x2 * CY_FLASH_ROW_SIZE)) / 0x2), CY_FLASH_ROW_SIZE))
                0x00000000                appl_start = (CY_APPL_NUM == 0x1)?appl1_start:appl2_start

.text           0x00000000     0x2704
 CREATE_OBJECT_SYMBOLS
                0x00000000                PROVIDE (__cy_interrupt_vector, RomVectors)
 *(.romvectors)
 .romvectors    0x00000000       0x10 .\CortexM0\ARM_GCC_493\Debug\Cm0Start.o
                0x00000000                RomVectors
                0x00000001                ASSERT ((. != __cy_interrupt_vector), No interrupt vector)
                0x00000001                ASSERT (CY_APPL_ORIGIN?(SIZEOF (.cybootloader) <= CY_APPL_ORIGIN):0x1, Wrong image location)
                0x00000010                PROVIDE (__cy_reset, Reset)
 *(.text.Reset)
 .text.Reset    0x00000010        0x8 .\CortexM0\ARM_GCC_493\Debug\Cm0Start.o
                0x00000010                Reset
                0x00000001                ASSERT ((. != __cy_reset), No reset code)
 *(.psocinit)
 .psocinit      0x00000018      0x238 .\CortexM0\ARM_GCC_493\Debug\BLE Lab 3 HeartRate.a(cyfitter_cfg.o)
                0x000000ec                cyfitter_cfg
                0x00000250                . = MAX (., 0x100)
 *(.text .text.* .gnu.linkonce.t.*)
 .text          0x00000250       0x60 z:/program files (x86)/cypress/psoc creator/3.3/psoc creator/import/gnu/arm/4.9.3/bin/../lib/gcc/arm-none-eabi/4.9.3/armv6-m/crtbegin.o
 .text.InitializeSystem
                0x000002b0       0x3c .\CortexM0\ARM_GCC_493\Debug\main.o
 .text.main     0x000002ec       0xec .\CortexM0\ARM_GCC_493\Debug\main.o
                0x000002ec                main
 .text.ProcessHeartRateSignal
                0x000003d8       0xb0 .\CortexM0\ARM_GCC_493\Debug\HeartRateProcessing.o
                0x000003d8                ProcessHeartRateSignal
 .text.SendHeartRateOverBLE
                0x00000488       0x58 .\CortexM0\ARM_GCC_493\Debug\BleProcessing.o
                0x00000488                SendHeartRateOverBLE
 .text.HrsEventHandler
                0x000004e0       0x38 .\CortexM0\ARM_GCC_493\Debug\BleProcessing.o
                0x000004e0                HrsEventHandler
 .text.GeneralEventHandler
                0x00000518       0x88 .\CortexM0\ARM_GCC_493\Debug\BleProcessing.o
                0x00000518                GeneralEventHandler
 .text.WatchdogTimer_Isr
                0x000005a0       0x20 .\CortexM0\ARM_GCC_493\Debug\WatchdogTimer.o
                0x000005a0                WatchdogTimer_Isr
 .text.WatchdogTimer_Start
                0x000005c0       0x48 .\CortexM0\ARM_GCC_493\Debug\WatchdogTimer.o
                0x000005c0                WatchdogTimer_Start
 .text.WatchdogTimer_GetTimestamp
                0x00000608       0x14 .\CortexM0\ARM_GCC_493\Debug\WatchdogTimer.o
                0x00000608                WatchdogTimer_GetTimestamp
 .text.IntDefaultHandler
                0x0000061c        0x8 .\CortexM0\ARM_GCC_493\Debug\Cm0Start.o
                0x0000061c                IntDefaultHandler
 .text.Start_c  0x00000624       0x98 .\CortexM0\ARM_GCC_493\Debug\Cm0Start.o
                0x00000624                Start_c
 .text.initialize_psoc
                0x000006bc       0x70 .\CortexM0\ARM_GCC_493\Debug\Cm0Start.o
                0x000006bc                initialize_psoc
 .text.CYMEMZERO
                0x0000072c       0x20 .\CortexM0\ARM_GCC_493\Debug\BLE Lab 3 HeartRate.a(cyfitter_cfg.o)
 .text.cfg_write_bytes32
                0x0000074c       0x80 .\CortexM0\ARM_GCC_493\Debug\BLE Lab 3 HeartRate.a(cyfitter_cfg.o)
 .text.AnalogSetDefault
                0x000007cc       0x60 .\CortexM0\ARM_GCC_493\Debug\BLE Lab 3 HeartRate.a(cyfitter_cfg.o)
 .text.SetAnalogRoutingPumps
                0x0000082c       0x40 .\CortexM0\ARM_GCC_493\Debug\BLE Lab 3 HeartRate.a(cyfitter_cfg.o)
                0x0000082c                SetAnalogRoutingPumps
 .text.SW2_Switch_ClearInterrupt
                0x0000086c       0x30 .\CortexM0\ARM_GCC_493\Debug\BLE Lab 3 HeartRate.a(SW2_Switch.o)
                0x0000086c                SW2_Switch_ClearInterrupt
 .text.Wakeup_ISR_Start
                0x0000089c       0x24 .\CortexM0\ARM_GCC_493\Debug\BLE Lab 3 HeartRate.a(Wakeup_ISR.o)
                0x0000089c                Wakeup_ISR_Start
 .text.Wakeup_ISR_Interrupt
                0x000008c0        0x8 .\CortexM0\ARM_GCC_493\Debug\BLE Lab 3 HeartRate.a(Wakeup_ISR.o)
                0x000008c0                Wakeup_ISR_Interrupt
 .text.Wakeup_ISR_SetVector
                0x000008c8       0x18 .\CortexM0\ARM_GCC_493\Debug\BLE Lab 3 HeartRate.a(Wakeup_ISR.o)
                0x000008c8                Wakeup_ISR_SetVector
 .text.Wakeup_ISR_SetPriority
                0x000008e0       0x50 .\CortexM0\ARM_GCC_493\Debug\BLE Lab 3 HeartRate.a(Wakeup_ISR.o)
                0x000008e0                Wakeup_ISR_SetPriority
 .text.Wakeup_ISR_Enable
                0x00000930       0x14 .\CortexM0\ARM_GCC_493\Debug\BLE Lab 3 HeartRate.a(Wakeup_ISR.o)
                0x00000930                Wakeup_ISR_Enable
 .text.Wakeup_ISR_Disable
                0x00000944       0x14 .\CortexM0\ARM_GCC_493\Debug\BLE Lab 3 HeartRate.a(Wakeup_ISR.o)
                0x00000944                Wakeup_ISR_Disable
 .text.Led_Advertising_Green_Write
                0x00000958       0x4c .\CortexM0\ARM_GCC_493\Debug\BLE Lab 3 HeartRate.a(Led_Advertising_Green.o)
                0x00000958                Led_Advertising_Green_Write
 .text.Led_Advertising_Green_SetDriveMode
                0x000009a4       0x30 .\CortexM0\ARM_GCC_493\Debug\BLE Lab 3 HeartRate.a(Led_Advertising_Green.o)
                0x000009a4                Led_Advertising_Green_SetDriveMode
 .text.Led_Connected_Blue_Write
                0x000009d4       0x48 .\CortexM0\ARM_GCC_493\Debug\BLE Lab 3 HeartRate.a(Led_Connected_Blue.o)
                0x000009d4                Led_Connected_Blue_Write
 .text.Led_Connected_Blue_SetDriveMode
                0x00000a1c       0x30 .\CortexM0\ARM_GCC_493\Debug\BLE Lab 3 HeartRate.a(Led_Connected_Blue.o)
                0x00000a1c                Led_Connected_Blue_SetDriveMode
 .text.CyBle_HrsInit
                0x00000a4c        0x8 .\CortexM0\ARM_GCC_493\Debug\BLE Lab 3 HeartRate.a(BLE_hrs.o)
                0x00000a4c                CyBle_HrsInit
 .text.CyBle_HrsRegisterAttrCallback
                0x00000a54       0x18 .\CortexM0\ARM_GCC_493\Debug\BLE Lab 3 HeartRate.a(BLE_hrs.o)
                0x00000a54                CyBle_HrsRegisterAttrCallback
 .text.CyBle_HrssGetCharacteristicValue
                0x00000a6c       0x98 .\CortexM0\ARM_GCC_493\Debug\BLE Lab 3 HeartRate.a(BLE_hrs.o)
                0x00000a6c                CyBle_HrssGetCharacteristicValue
 .text.CyBle_HrssSendNotification
                0x00000b04       0xe4 .\CortexM0\ARM_GCC_493\Debug\BLE Lab 3 HeartRate.a(BLE_hrs.o)
                0x00000b04                CyBle_HrssSendNotification
 .text.CyBle_HrssWriteEventHandler
                0x00000be8      0x118 .\CortexM0\ARM_GCC_493\Debug\BLE Lab 3 HeartRate.a(BLE_hrs.o)
                0x00000be8                CyBle_HrssWriteEventHandler
 .text.CyBle_Init
                0x00000d00       0x2c .\CortexM0\ARM_GCC_493\Debug\BLE Lab 3 HeartRate.a(BLE.o)
                0x00000d00                CyBle_Init
 .text.CyBle_ServiceInit
                0x00000d2c       0x10 .\CortexM0\ARM_GCC_493\Debug\BLE Lab 3 HeartRate.a(BLE.o)
                0x00000d2c                CyBle_ServiceInit
 .text.CyBle_Start
                0x00000d3c       0xb8 .\CortexM0\ARM_GCC_493\Debug\BLE Lab 3 HeartRate.a(BLE.o)
                0x00000d3c                CyBle_Start
 .text.CyBle_Stop
                0x00000df4       0x18 .\CortexM0\ARM_GCC_493\Debug\BLE Lab 3 HeartRate.a(BLE.o)
                0x00000df4                CyBle_Stop
 .text.CyBle_GappStartAdvertisement
                0x00000e0c       0xd4 .\CortexM0\ARM_GCC_493\Debug\BLE Lab 3 HeartRate.a(BLE.o)
                0x00000e0c                CyBle_GappStartAdvertisement
 .text.CyBle_ChangeAdDeviceAddress
                0x00000ee0       0x60 .\CortexM0\ARM_GCC_493\Debug\BLE Lab 3 HeartRate.a(BLE.o)
                0x00000ee0                CyBle_ChangeAdDeviceAddress
 .text.CyBle_Get16ByPtr
                0x00000f40       0x28 .\CortexM0\ARM_GCC_493\Debug\BLE Lab 3 HeartRate.a(BLE.o)
                0x00000f40                CyBle_Get16ByPtr
 .text.CyBle_GattsWriteEventHandler
                0x00000f68       0xa0 .\CortexM0\ARM_GCC_493\Debug\BLE Lab 3 HeartRate.a(BLE_gatt.o)
                0x00000f68                CyBle_GattsWriteEventHandler
 .text.CyBle_WriteReqHandler
                0x00001008       0x98 .\CortexM0\ARM_GCC_493\Debug\BLE Lab 3 HeartRate.a(BLE_eventHandler.o)
 .text.CyBle_ValueConfirmation
                0x000010a0       0x10 .\CortexM0\ARM_GCC_493\Debug\BLE Lab 3 HeartRate.a(BLE_eventHandler.o)
 .text.CyBle_GattDisconnectEventHandler
                0x000010b0       0x18 .\CortexM0\ARM_GCC_493\Debug\BLE Lab 3 HeartRate.a(BLE_eventHandler.o)
 .text.CyBle_TimeOutEventHandler
                0x000010c8       0x10 .\CortexM0\ARM_GCC_493\Debug\BLE Lab 3 HeartRate.a(BLE_eventHandler.o)
 .text.CyBle_GattConnectReqHandler
                0x000010d8        0x8 .\CortexM0\ARM_GCC_493\Debug\BLE Lab 3 HeartRate.a(BLE_eventHandler.o)
 .text.CyBle_IsDeviceAddressValid
                0x000010e0       0x60 .\CortexM0\ARM_GCC_493\Debug\BLE Lab 3 HeartRate.a(BLE_eventHandler.o)
 .text.CyBle_L2Cap_ConnParamUpdateRspEventHandler
                0x00001140       0x14 .\CortexM0\ARM_GCC_493\Debug\BLE Lab 3 HeartRate.a(BLE_eventHandler.o)
 .text.CyBle_GapConnUpdateCompleteEventHandler
                0x00001154       0x10 .\CortexM0\ARM_GCC_493\Debug\BLE Lab 3 HeartRate.a(BLE_eventHandler.o)
 .text.CyBle_EventHandler
                0x00001164      0x2b8 .\CortexM0\ARM_GCC_493\Debug\BLE Lab 3 HeartRate.a(BLE_eventHandler.o)
                0x00001164                CyBle_EventHandler
 .text.CyBle_DisInit
                0x0000141c        0x8 .\CortexM0\ARM_GCC_493\Debug\BLE Lab 3 HeartRate.a(BLE_dis.o)
                0x0000141c                CyBle_DisInit
 .text.Opamp_Init
                0x00001424       0x34 .\CortexM0\ARM_GCC_493\Debug\BLE Lab 3 HeartRate.a(Opamp.o)
                0x00001424                Opamp_Init
 .text.Opamp_Enable
                0x00001458       0x24 .\CortexM0\ARM_GCC_493\Debug\BLE Lab 3 HeartRate.a(Opamp.o)
                0x00001458                Opamp_Enable
 .text.Opamp_Start
                0x0000147c       0x24 .\CortexM0\ARM_GCC_493\Debug\BLE Lab 3 HeartRate.a(Opamp.o)
                0x0000147c                Opamp_Start
 .text.Opamp_Stop
                0x000014a0       0x1c .\CortexM0\ARM_GCC_493\Debug\BLE Lab 3 HeartRate.a(Opamp.o)
                0x000014a0                Opamp_Stop
 .text.Opamp_Sleep
                0x000014bc       0x2c .\CortexM0\ARM_GCC_493\Debug\BLE Lab 3 HeartRate.a(Opamp_PM.o)
                0x000014bc                Opamp_Sleep
 .text.Opamp_Wakeup
                0x000014e8       0x18 .\CortexM0\ARM_GCC_493\Debug\BLE Lab 3 HeartRate.a(Opamp_PM.o)
                0x000014e8                Opamp_Wakeup
 .text.ADC_Start
                0x00001500       0x24 .\CortexM0\ARM_GCC_493\Debug\BLE Lab 3 HeartRate.a(ADC.o)
                0x00001500                ADC_Start
 .text.ADC_Init
                0x00001524      0x1c4 .\CortexM0\ARM_GCC_493\Debug\BLE Lab 3 HeartRate.a(ADC.o)
                0x00001524                ADC_Init
 .text.ADC_Enable
                0x000016e8       0x38 .\CortexM0\ARM_GCC_493\Debug\BLE Lab 3 HeartRate.a(ADC.o)
                0x000016e8                ADC_Enable
 .text.ADC_Stop
                0x00001720       0x18 .\CortexM0\ARM_GCC_493\Debug\BLE Lab 3 HeartRate.a(ADC.o)
                0x00001720                ADC_Stop
 .text.ADC_StartConvert
                0x00001738       0x14 .\CortexM0\ARM_GCC_493\Debug\BLE Lab 3 HeartRate.a(ADC.o)
                0x00001738                ADC_StartConvert
 .text.ADC_StopConvert
                0x0000174c        0x8 .\CortexM0\ARM_GCC_493\Debug\BLE Lab 3 HeartRate.a(ADC.o)
                0x0000174c                ADC_StopConvert
 .text.ADC_IsEndConversion
                0x00001754       0x48 .\CortexM0\ARM_GCC_493\Debug\BLE Lab 3 HeartRate.a(ADC.o)
                0x00001754                ADC_IsEndConversion
 .text.ADC_GetResult16
                0x0000179c       0x44 .\CortexM0\ARM_GCC_493\Debug\BLE Lab 3 HeartRate.a(ADC.o)
                0x0000179c                ADC_GetResult16
 .text.ADC_Sleep
                0x000017e0       0x84 .\CortexM0\ARM_GCC_493\Debug\BLE Lab 3 HeartRate.a(ADC_PM.o)
                0x000017e0                ADC_Sleep
 .text.ADC_Wakeup
                0x00001864       0x58 .\CortexM0\ARM_GCC_493\Debug\BLE Lab 3 HeartRate.a(ADC_PM.o)
                0x00001864                ADC_Wakeup
 .text.ADC_ISR  0x000018bc       0x1c .\CortexM0\ARM_GCC_493\Debug\BLE Lab 3 HeartRate.a(ADC_INT.o)
                0x000018bc                ADC_ISR
 .text          0x000018d8       0x20 .\CortexM0\ARM_GCC_493\Debug\BLE Lab 3 HeartRate.a(CyBootAsmGnu.o)
                0x000018d8                CyDelayCycles
                0x000018ea                CyEnterCriticalSection
                0x000018f2                CyExitCriticalSection
 .text.CySysClkWriteSysclkDiv
                0x000018f8       0x44 .\CortexM0\ARM_GCC_493\Debug\BLE Lab 3 HeartRate.a(CyLib.o)
                0x000018f8                CySysClkWriteSysclkDiv
 .text.CySysClkWriteImoFreq
                0x0000193c       0x98 .\CortexM0\ARM_GCC_493\Debug\BLE Lab 3 HeartRate.a(CyLib.o)
                0x0000193c                CySysClkWriteImoFreq
 .text.CySysClkEcoStart
                0x000019d4       0x74 .\CortexM0\ARM_GCC_493\Debug\BLE Lab 3 HeartRate.a(CyLib.o)
                0x000019d4                CySysClkEcoStart
 .text.CySysClkEcoReadStatus
                0x00001a48       0x18 .\CortexM0\ARM_GCC_493\Debug\BLE Lab 3 HeartRate.a(CyLib.o)
                0x00001a48                CySysClkEcoReadStatus
 .text.CyIntSetVector
                0x00001a60       0x4c .\CortexM0\ARM_GCC_493\Debug\BLE Lab 3 HeartRate.a(CyLib.o)
                0x00001a60                CyIntSetVector
 .text.CyIntSetPriority
                0x00001aac       0xa8 .\CortexM0\ARM_GCC_493\Debug\BLE Lab 3 HeartRate.a(CyLib.o)
                0x00001aac                CyIntSetPriority
 .text.CyIntEnable
                0x00001b54       0x28 .\CortexM0\ARM_GCC_493\Debug\BLE Lab 3 HeartRate.a(CyLib.o)
                0x00001b54                CyIntEnable
 .text.CyHalt   0x00001b7c       0x14 .\CortexM0\ARM_GCC_493\Debug\BLE Lab 3 HeartRate.a(CyLib.o)
                0x00001b7c                CyHalt
 .text.CyDelay  0x00001b90       0x48 .\CortexM0\ARM_GCC_493\Debug\BLE Lab 3 HeartRate.a(CyLib.o)
                0x00001b90                CyDelay
 .text.CyDelayUs
                0x00001bd8       0x28 .\CortexM0\ARM_GCC_493\Debug\BLE Lab 3 HeartRate.a(CyLib.o)
                0x00001bd8                CyDelayUs
 .text.CySysPmSleep
                0x00001c00       0x34 .\CortexM0\ARM_GCC_493\Debug\BLE Lab 3 HeartRate.a(cyPm.o)
                0x00001c00                CySysPmSleep
 .text.CySysPmDeepSleep
                0x00001c34       0x6c .\CortexM0\ARM_GCC_493\Debug\BLE Lab 3 HeartRate.a(cyPm.o)
                0x00001c34                CySysPmDeepSleep
 .text.CySysPmHibernate
                0x00001ca0       0x6c .\CortexM0\ARM_GCC_493\Debug\BLE Lab 3 HeartRate.a(cyPm.o)
                0x00001ca0                CySysPmHibernate
 .text.CySysClkWcoSetHighPowerMode
                0x00001d0c       0x48 .\CortexM0\ARM_GCC_493\Debug\BLE Lab 3 HeartRate.a(CyLFClk.o)
 .text.CySysClkWcoSetLowPowerMode
                0x00001d54       0x48 .\CortexM0\ARM_GCC_493\Debug\BLE Lab 3 HeartRate.a(CyLFClk.o)
 .text.CySysClkWcoStart
                0x00001d9c       0x20 .\CortexM0\ARM_GCC_493\Debug\BLE Lab 3 HeartRate.a(CyLFClk.o)
                0x00001d9c                CySysClkWcoStart
 .text.CySysClkWcoSetPowerMode
                0x00001dbc       0x40 .\CortexM0\ARM_GCC_493\Debug\BLE Lab 3 HeartRate.a(CyLFClk.o)
                0x00001dbc                CySysClkWcoSetPowerMode
 .text.CySysWdtLock
                0x00001dfc       0x34 .\CortexM0\ARM_GCC_493\Debug\BLE Lab 3 HeartRate.a(CyLFClk.o)
                0x00001dfc                CySysWdtLock
 .text.CySysWdtLocked
                0x00001e30       0x20 .\CortexM0\ARM_GCC_493\Debug\BLE Lab 3 HeartRate.a(CyLFClk.o)
 .text.CySysWdtUnlock
                0x00001e50       0x4c .\CortexM0\ARM_GCC_493\Debug\BLE Lab 3 HeartRate.a(CyLFClk.o)
                0x00001e50                CySysWdtUnlock
 .text.CySysWdtGetEnabledStatus
                0x00001e9c       0x30 .\CortexM0\ARM_GCC_493\Debug\BLE Lab 3 HeartRate.a(CyLFClk.o)
                0x00001e9c                CySysWdtGetEnabledStatus
 .text.CySysWdtSetMode
                0x00001ecc       0x58 .\CortexM0\ARM_GCC_493\Debug\BLE Lab 3 HeartRate.a(CyLFClk.o)
                0x00001ecc                CySysWdtSetMode
 .text.CySysWdtSetClearOnMatch
                0x00001f24       0x6c .\CortexM0\ARM_GCC_493\Debug\BLE Lab 3 HeartRate.a(CyLFClk.o)
                0x00001f24                CySysWdtSetClearOnMatch
 .text.CySysWdtEnable
                0x00001f90       0x60 .\CortexM0\ARM_GCC_493\Debug\BLE Lab 3 HeartRate.a(CyLFClk.o)
                0x00001f90                CySysWdtEnable
 .text.CySysWdtSetMatch
                0x00001ff0       0x90 .\CortexM0\ARM_GCC_493\Debug\BLE Lab 3 HeartRate.a(CyLFClk.o)
                0x00001ff0                CySysWdtSetMatch
 .text.CySysWdtClearInterrupt
                0x00002080       0x70 .\CortexM0\ARM_GCC_493\Debug\BLE Lab 3 HeartRate.a(CyLFClk.o)
                0x00002080                CySysWdtClearInterrupt
 .text.CyBLE_Bless_LlRegWrite
                0x000020f0       0x1c .\CortexM0\ARM_GCC_493\Debug\BLE Lab 3 HeartRate.a(BLE_HAL_PVT.o)
                0x000020f0                CyBLE_Bless_LlRegWrite
 .text.CyBLE_Bless_RfRegWrite
                0x0000210c       0x1c .\CortexM0\ARM_GCC_493\Debug\BLE Lab 3 HeartRate.a(BLE_HAL_PVT.o)
                0x0000210c                CyBLE_Bless_RfRegWrite
 .text.CyBLE_BlessDeviceConfig
                0x00002128      0x110 .\CortexM0\ARM_GCC_493\Debug\BLE Lab 3 HeartRate.a(BLE_HAL_PVT.o)
                0x00002128                CyBLE_BlessDeviceConfig
 .text.CyBleHal_DelayUs
                0x00002238       0x1c .\CortexM0\ARM_GCC_493\Debug\BLE Lab 3 HeartRate.a(BLE_HAL_PVT.o)
                0x00002238                CyBleHal_DelayUs
 .text.CyBleHal_DelayMs
                0x00002254       0x18 .\CortexM0\ARM_GCC_493\Debug\BLE Lab 3 HeartRate.a(BLE_HAL_PVT.o)
                0x00002254                CyBleHal_DelayMs
 .text.CyBleHal_EnableGlobalInterrupts
                0x0000226c        0xc .\CortexM0\ARM_GCC_493\Debug\BLE Lab 3 HeartRate.a(BLE_HAL_PVT.o)
                0x0000226c                CyBleHal_EnableGlobalInterrupts
 .text.CyBleHal_DisableGlobalInterrupts
                0x00002278        0xc .\CortexM0\ARM_GCC_493\Debug\BLE Lab 3 HeartRate.a(BLE_HAL_PVT.o)
                0x00002278                CyBleHal_DisableGlobalInterrupts
 .text.CyBle_HalInit
                0x00002284       0x20 .\CortexM0\ARM_GCC_493\Debug\BLE Lab 3 HeartRate.a(BLE_HAL_PVT.o)
                0x00002284                CyBle_HalInit
 .text.CYBLE_BlessStart
                0x000022a4       0x14 .\CortexM0\ARM_GCC_493\Debug\BLE Lab 3 HeartRate.a(BLE_HAL_PVT.o)
                0x000022a4                CYBLE_BlessStart
 .text.BLE_bless_isr_StartEx
                0x000022b8       0x24 .\CortexM0\ARM_GCC_493\Debug\BLE Lab 3 HeartRate.a(BLE_bless_isr.o)
                0x000022b8                BLE_bless_isr_StartEx
 .text.BLE_bless_isr_SetVector
                0x000022dc       0x18 .\CortexM0\ARM_GCC_493\Debug\BLE Lab 3 HeartRate.a(BLE_bless_isr.o)
                0x000022dc                BLE_bless_isr_SetVector
 .text.BLE_bless_isr_SetPriority
                0x000022f4       0x4c .\CortexM0\ARM_GCC_493\Debug\BLE Lab 3 HeartRate.a(BLE_bless_isr.o)
                0x000022f4                BLE_bless_isr_SetPriority
 .text.BLE_bless_isr_Enable
                0x00002340       0x14 .\CortexM0\ARM_GCC_493\Debug\BLE Lab 3 HeartRate.a(BLE_bless_isr.o)
                0x00002340                BLE_bless_isr_Enable
 .text.BLE_bless_isr_Disable
                0x00002354       0x14 .\CortexM0\ARM_GCC_493\Debug\BLE Lab 3 HeartRate.a(BLE_bless_isr.o)
                0x00002354                BLE_bless_isr_Disable
 .text.CyBLE_Bless_Interrupt
                0x00002368        0xc .\CortexM0\ARM_GCC_493\Debug\BLE Lab 3 HeartRate.a(BLE_HAL_INT.o)
                0x00002368                CyBLE_Bless_Interrupt
 .text          0x00002374      0x120 z:/program files (x86)/cypress/psoc creator/3.3/psoc creator/import/gnu/arm/4.9.3/bin/../lib/gcc/arm-none-eabi/4.9.3/armv6-m\libgcc.a(_udivsi3.o)
                0x00002374                __aeabi_uidiv
                0x00002374                __udivsi3
                0x00002480                __aeabi_uidivmod
 .text          0x00002494      0x1e0 z:/program files (x86)/cypress/psoc creator/3.3/psoc creator/import/gnu/arm/4.9.3/bin/../lib/gcc/arm-none-eabi/4.9.3/armv6-m\libgcc.a(_divsi3.o)
                0x00002494                __divsi3
                0x00002494                __aeabi_idiv
                0x00002660                __aeabi_idivmod
 .text          0x00002674        0x4 z:/program files (x86)/cypress/psoc creator/3.3/psoc creator/import/gnu/arm/4.9.3/bin/../lib/gcc/arm-none-eabi/4.9.3/armv6-m\libgcc.a(_dvmd_tls.o)
                0x00002674                __aeabi_idiv0
                0x00002674                __aeabi_ldiv0
 .text.__libc_init_array
                0x00002678       0x4c z:/program files (x86)/cypress/psoc creator/3.3/psoc creator/import/gnu/arm/4.9.3/bin/../lib/gcc/arm-none-eabi/4.9.3/../../../../arm-none-eabi/lib/armv6-m\libg_nano.a(lib_a-init.o)
                0x00002678                __libc_init_array
 .text.memcmp   0x000026c4       0x1e z:/program files (x86)/cypress/psoc creator/3.3/psoc creator/import/gnu/arm/4.9.3/bin/../lib/gcc/arm-none-eabi/4.9.3/../../../../arm-none-eabi/lib/armv6-m\libg_nano.a(lib_a-memcmp.o)
                0x000026c4                memcmp
 .text.memcpy   0x000026e2       0x12 z:/program files (x86)/cypress/psoc creator/3.3/psoc creator/import/gnu/arm/4.9.3/bin/../lib/gcc/arm-none-eabi/4.9.3/../../../../arm-none-eabi/lib/armv6-m\libg_nano.a(lib_a-memcpy.o)
                0x000026e2                memcpy
 .text.memset   0x000026f4       0x10 z:/program files (x86)/cypress/psoc creator/3.3/psoc creator/import/gnu/arm/4.9.3/bin/../lib/gcc/arm-none-eabi/4.9.3/../../../../arm-none-eabi/lib/armv6-m\libg_nano.a(lib_a-memset.o)
                0x000026f4                memset
 *(.plt)
 *(.gnu.warning)
 *(.glue_7t)
 .glue_7t       0x00000000        0x0 linker stubs
 *(.glue_7)
 .glue_7        0x00000000        0x0 linker stubs
 *(.vfp11_veneer)
 .vfp11_veneer  0x00000000        0x0 linker stubs
 *(.bootloader)
 *(.ARM.extab* .gnu.linkonce.armextab.*)
 *(.gcc_except_table)

.v4_bx          0x00002704        0x0
 .v4_bx         0x00000000        0x0 linker stubs

.iplt           0x00002704        0x0
 .iplt          0x00000000        0x0 z:/program files (x86)/cypress/psoc creator/3.3/psoc creator/import/gnu/arm/4.9.3/bin/../lib/gcc/arm-none-eabi/4.9.3/armv6-m/crtbegin.o

i.CyBle_EnterLPM
                0x00002704        0x8
 i.CyBle_EnterLPM
                0x00002704        0x8 Z:\Program Files (x86)\Cypress\PSoC Creator\3.3\PSoC Creator\psoc\content\cycomponentlibrary\CyComponentLibrary.cylib\BLE_v2_0\Library\gccCyBLEStack_BLE_SOC_PERIPHERAL.a(CyBle.o)
                0x00002704                CyBle_EnterLPM

i.CyBle_ExitLPM
                0x0000270c        0x8
 i.CyBle_ExitLPM
                0x0000270c        0x8 Z:\Program Files (x86)\Cypress\PSoC Creator\3.3\PSoC Creator\psoc\content\cycomponentlibrary\CyComponentLibrary.cylib\BLE_v2_0\Library\gccCyBLEStack_BLE_SOC_PERIPHERAL.a(CyBle.o)
                0x0000270c                CyBle_ExitLPM

i.CyBle_ProcessEvents
                0x00002714        0x8
 i.CyBle_ProcessEvents
                0x00002714        0x8 Z:\Program Files (x86)\Cypress\PSoC Creator\3.3\PSoC Creator\psoc\content\cycomponentlibrary\CyComponentLibrary.cylib\BLE_v2_0\Library\gccCyBLEStack_BLE_SOC_PERIPHERAL.a(CyBle.o)
                0x00002714                CyBle_ProcessEvents

i.CyBle_SetDeviceAddress
                0x0000271c       0x24
 i.CyBle_SetDeviceAddress
                0x0000271c       0x24 Z:\Program Files (x86)\Cypress\PSoC Creator\3.3\PSoC Creator\psoc\content\cycomponentlibrary\CyComponentLibrary.cylib\BLE_v2_0\Library\gccCyBLEStack_BLE_SOC_PERIPHERAL.a(CyBle.o)
                0x0000271c                CyBle_SetDeviceAddress

i.CyBle_Shutdown
                0x00002740       0x24
 i.CyBle_Shutdown
                0x00002740       0x24 Z:\Program Files (x86)\Cypress\PSoC Creator\3.3\PSoC Creator\psoc\content\cycomponentlibrary\CyComponentLibrary.cylib\BLE_v2_0\Library\gccCyBLEStack_BLE_SOC_PERIPHERAL.a(CyBle.o)
                0x00002740                CyBle_Shutdown

i.CyBle_StackInit
                0x00002764       0x80
 i.CyBle_StackInit
                0x00002764       0x80 Z:\Program Files (x86)\Cypress\PSoC Creator\3.3\PSoC Creator\psoc\content\cycomponentlibrary\CyComponentLibrary.cylib\BLE_v2_0\Library\gccCyBLEStack_BLE_SOC_PERIPHERAL.a(CyBle.o)
                0x00002764                CyBle_StackInit

i.CyBleStackMgr_Init
                0x000027e4       0xb4
 i.CyBleStackMgr_Init
                0x000027e4       0xb4 Z:\Program Files (x86)\Cypress\PSoC Creator\3.3\PSoC Creator\psoc\content\cycomponentlibrary\CyComponentLibrary.cylib\BLE_v2_0\Library\gccCyBLEStack_BLE_SOC_PERIPHERAL.a(CyBleStackMgrIP_Interface.o)
                0x000027e4                CyBleStackMgr_Init

i.CyBleStackMgr_ProcessBleEvents
                0x00002898       0x14
 i.CyBleStackMgr_ProcessBleEvents
                0x00002898       0x14 Z:\Program Files (x86)\Cypress\PSoC Creator\3.3\PSoC Creator\psoc\content\cycomponentlibrary\CyComponentLibrary.cylib\BLE_v2_0\Library\gccCyBLEStack_BLE_SOC_PERIPHERAL.a(CyBleStackMgrIP_Interface.o)
                0x00002898                CyBleStackMgr_ProcessBleEvents

i.CyBleStackMgr_Reset
                0x000028ac       0x34
 i.CyBleStackMgr_Reset
                0x000028ac       0x34 Z:\Program Files (x86)\Cypress\PSoC Creator\3.3\PSoC Creator\psoc\content\cycomponentlibrary\CyComponentLibrary.cylib\BLE_v2_0\Library\gccCyBLEStack_BLE_SOC_PERIPHERAL.a(CyBleStackMgrIP_Interface.o)
                0x000028ac                CyBleStackMgr_Reset

i.CyBleStackMgr_Shutdown
                0x000028e0       0x24
 i.CyBleStackMgr_Shutdown
                0x000028e0       0x24 Z:\Program Files (x86)\Cypress\PSoC Creator\3.3\PSoC Creator\psoc\content\cycomponentlibrary\CyComponentLibrary.cylib\BLE_v2_0\Library\gccCyBLEStack_BLE_SOC_PERIPHERAL.a(CyBleStackMgrIP_Interface.o)
                0x000028e0                CyBleStackMgr_Shutdown

i.CyBle_GetHeapMemory
                0x00002904       0x28
 i.CyBle_GetHeapMemory
                0x00002904       0x28 Z:\Program Files (x86)\Cypress\PSoC Creator\3.3\PSoC Creator\psoc\content\cycomponentlibrary\CyComponentLibrary.cylib\BLE_v2_0\Library\gccCyBLEStack_BLE_SOC_PERIPHERAL.a(CyBleStackMgrIP_Interface.o)
                0x00002904                CyBle_GetHeapMemory

i.CyBle_GetNumAppBufferPools
                0x0000292c        0xc
 i.CyBle_GetNumAppBufferPools
                0x0000292c        0xc Z:\Program Files (x86)\Cypress\PSoC Creator\3.3\PSoC Creator\psoc\content\cycomponentlibrary\CyComponentLibrary.cylib\BLE_v2_0\Library\gccCyBLEStack_BLE_SOC_PERIPHERAL.a(CyBleStackMgrIP_Interface.o)
                0x0000292c                CyBle_GetNumAppBufferPools

i.CyBle_GetReservedPoolInfo
                0x00002938       0x3c
 i.CyBle_GetReservedPoolInfo
                0x00002938       0x3c Z:\Program Files (x86)\Cypress\PSoC Creator\3.3\PSoC Creator\psoc\content\cycomponentlibrary\CyComponentLibrary.cylib\BLE_v2_0\Library\gccCyBLEStack_BLE_SOC_PERIPHERAL.a(CyBleStackMgrIP_Interface.o)
                0x00002938                CyBle_GetReservedPoolInfo

i.CyBle_HostStackBufferPoolInit
                0x00002974       0x7c
 i.CyBle_HostStackBufferPoolInit
                0x00002974       0x7c Z:\Program Files (x86)\Cypress\PSoC Creator\3.3\PSoC Creator\psoc\content\cycomponentlibrary\CyComponentLibrary.cylib\BLE_v2_0\Library\gccCyBLEStack_BLE_SOC_PERIPHERAL.a(CyBleStackMgrIP_Interface.o)

i.ble_stack_idle_task_callback
                0x000029f0        0x2
 i.ble_stack_idle_task_callback
                0x000029f0        0x2 Z:\Program Files (x86)\Cypress\PSoC Creator\3.3\PSoC Creator\psoc\content\cycomponentlibrary\CyComponentLibrary.cylib\BLE_v2_0\Library\gccCyBLEStack_BLE_SOC_PERIPHERAL.a(CyBleStackMgrIP_Interface.o)
                0x000029f0                ble_stack_idle_task_callback

i.BT_OSFreeBuf  0x000029f4       0x20
 i.BT_OSFreeBuf
                0x000029f4       0x20 Z:\Program Files (x86)\Cypress\PSoC Creator\3.3\PSoC Creator\psoc\content\cycomponentlibrary\CyComponentLibrary.cylib\BLE_v2_0\Library\gccCyBLEStack_BLE_SOC_PERIPHERAL.a(BT_os.o)
                0x000029f4                BT_OSFreeBuf

i.BT_OSGetBuF   0x00002a14       0x30
 i.BT_OSGetBuF  0x00002a14       0x30 Z:\Program Files (x86)\Cypress\PSoC Creator\3.3\PSoC Creator\psoc\content\cycomponentlibrary\CyComponentLibrary.cylib\BLE_v2_0\Library\gccCyBLEStack_BLE_SOC_PERIPHERAL.a(BT_os.o)
                0x00002a14                BT_OSGetBuF

i.BT_OSMemCreate
                0x00002a44       0x3c
 i.BT_OSMemCreate
                0x00002a44       0x3c Z:\Program Files (x86)\Cypress\PSoC Creator\3.3\PSoC Creator\psoc\content\cycomponentlibrary\CyComponentLibrary.cylib\BLE_v2_0\Library\gccCyBLEStack_BLE_SOC_PERIPHERAL.a(BT_os.o)
                0x00002a44                BT_OSMemCreate

i.BT_alloc_mem_ext
                0x00002a80       0x40
 i.BT_alloc_mem_ext
                0x00002a80       0x40 Z:\Program Files (x86)\Cypress\PSoC Creator\3.3\PSoC Creator\psoc\content\cycomponentlibrary\CyComponentLibrary.cylib\BLE_v2_0\Library\gccCyBLEStack_BLE_SOC_PERIPHERAL.a(BT_os.o)
                0x00002a80                BT_alloc_mem_ext

i.BT_buff_alloc_from_cfg_pool_ext
                0x00002ac0       0x18
 i.BT_buff_alloc_from_cfg_pool_ext
                0x00002ac0       0x18 Z:\Program Files (x86)\Cypress\PSoC Creator\3.3\PSoC Creator\psoc\content\cycomponentlibrary\CyComponentLibrary.cylib\BLE_v2_0\Library\gccCyBLEStack_BLE_SOC_PERIPHERAL.a(BT_os.o)
                0x00002ac0                BT_buff_alloc_from_cfg_pool_ext

i.BT_free_mem   0x00002ad8        0xc
 i.BT_free_mem  0x00002ad8        0xc Z:\Program Files (x86)\Cypress\PSoC Creator\3.3\PSoC Creator\psoc\content\cycomponentlibrary\CyComponentLibrary.cylib\BLE_v2_0\Library\gccCyBLEStack_BLE_SOC_PERIPHERAL.a(BT_os.o)
                0x00002ad8                BT_free_mem

i.bt_stack_create_buffer_pool
                0x00002ae4       0x30
 i.bt_stack_create_buffer_pool
                0x00002ae4       0x30 Z:\Program Files (x86)\Cypress\PSoC Creator\3.3\PSoC Creator\psoc\content\cycomponentlibrary\CyComponentLibrary.cylib\BLE_v2_0\Library\gccCyBLEStack_BLE_SOC_PERIPHERAL.a(BT_os.o)
                0x00002ae4                bt_stack_create_buffer_pool

i.bt_stack_reset_buffer_pool
                0x00002b14       0x28
 i.bt_stack_reset_buffer_pool
                0x00002b14       0x28 Z:\Program Files (x86)\Cypress\PSoC Creator\3.3\PSoC Creator\psoc\content\cycomponentlibrary\CyComponentLibrary.cylib\BLE_v2_0\Library\gccCyBLEStack_BLE_SOC_PERIPHERAL.a(BT_os.o)
                0x00002b14                bt_stack_reset_buffer_pool

i.CyBle_CheckBleStackTaskStatus
                0x00002b3c        0x4
 i.CyBle_CheckBleStackTaskStatus
                0x00002b3c        0x4 Z:\Program Files (x86)\Cypress\PSoC Creator\3.3\PSoC Creator\psoc\content\cycomponentlibrary\CyComponentLibrary.cylib\BLE_v2_0\Library\gccCyBLEStack_BLE_SOC_PERIPHERAL.a(CyBleStackMgr_StackTaskHandler.o)
                0x00002b3c                CyBle_CheckBleStackTaskStatus

i.CyBle_CreateBleStackTask
                0x00002b40       0x2c
 i.CyBle_CreateBleStackTask
                0x00002b40       0x2c Z:\Program Files (x86)\Cypress\PSoC Creator\3.3\PSoC Creator\psoc\content\cycomponentlibrary\CyComponentLibrary.cylib\BLE_v2_0\Library\gccCyBLEStack_BLE_SOC_PERIPHERAL.a(CyBleStackMgr_StackTaskHandler.o)
                0x00002b40                CyBle_CreateBleStackTask

i.CyBle_SignalBleStackTask
                0x00002b6c       0x50
 i.CyBle_SignalBleStackTask
                0x00002b6c       0x50 Z:\Program Files (x86)\Cypress\PSoC Creator\3.3\PSoC Creator\psoc\content\cycomponentlibrary\CyComponentLibrary.cylib\BLE_v2_0\Library\gccCyBLEStack_BLE_SOC_PERIPHERAL.a(CyBleStackMgr_StackTaskHandler.o)
                0x00002b6c                CyBle_SignalBleStackTask

i.CyBle_StackTaskHandler
                0x00002bbc       0x5c
 i.CyBle_StackTaskHandler
                0x00002bbc       0x5c Z:\Program Files (x86)\Cypress\PSoC Creator\3.3\PSoC Creator\psoc\content\cycomponentlibrary\CyComponentLibrary.cylib\BLE_v2_0\Library\gccCyBLEStack_BLE_SOC_PERIPHERAL.a(CyBleStackMgr_StackTaskHandler.o)
                0x00002bbc                CyBle_StackTaskHandler

i.__ARM_common_switch8
                0x00002c18       0x1a
 i.__ARM_common_switch8
                0x00002c18       0x1a Z:\Program Files (x86)\Cypress\PSoC Creator\3.3\PSoC Creator\psoc\content\cycomponentlibrary\CyComponentLibrary.cylib\BLE_v2_0\Library\gccCyBLEStack_BLE_SOC_PERIPHERAL.a(CyBleStackMgr_StackTaskHandler.o)
                0x00002c18                __ARM_common_switch8

i.hci_soft_transport_notify_data_received
                0x00002c34        0xc
 i.hci_soft_transport_notify_data_received
                0x00002c34        0xc Z:\Program Files (x86)\Cypress\PSoC Creator\3.3\PSoC Creator\psoc\content\cycomponentlibrary\CyComponentLibrary.cylib\BLE_v2_0\Library\gccCyBLEStack_BLE_SOC_PERIPHERAL.a(transport_sf.o)
                0x00002c34                hci_soft_transport_notify_data_received

i.hci_soft_transport_rx_data
                0x00002c40       0x40
 i.hci_soft_transport_rx_data
                0x00002c40       0x40 Z:\Program Files (x86)\Cypress\PSoC Creator\3.3\PSoC Creator\psoc\content\cycomponentlibrary\CyComponentLibrary.cylib\BLE_v2_0\Library\gccCyBLEStack_BLE_SOC_PERIPHERAL.a(transport_sf.o)
                0x00002c40                hci_soft_transport_rx_data

i.hci_transport_bt_init
                0x00002c80        0x2
 i.hci_transport_bt_init
                0x00002c80        0x2 Z:\Program Files (x86)\Cypress\PSoC Creator\3.3\PSoC Creator\psoc\content\cycomponentlibrary\CyComponentLibrary.cylib\BLE_v2_0\Library\gccCyBLEStack_BLE_SOC_PERIPHERAL.a(transport_sf.o)
                0x00002c80                hci_transport_bt_init

i.hci_transport_bt_shutdown
                0x00002c82        0x2
 i.hci_transport_bt_shutdown
                0x00002c82        0x2 Z:\Program Files (x86)\Cypress\PSoC Creator\3.3\PSoC Creator\psoc\content\cycomponentlibrary\CyComponentLibrary.cylib\BLE_v2_0\Library\gccCyBLEStack_BLE_SOC_PERIPHERAL.a(transport_sf.o)
                0x00002c82                hci_transport_bt_shutdown

i.hci_transport_init
                0x00002c84       0x10
 i.hci_transport_init
                0x00002c84       0x10 Z:\Program Files (x86)\Cypress\PSoC Creator\3.3\PSoC Creator\psoc\content\cycomponentlibrary\CyComponentLibrary.cylib\BLE_v2_0\Library\gccCyBLEStack_BLE_SOC_PERIPHERAL.a(transport_sf.o)
                0x00002c84                hci_transport_init

i.hci_transport_write_data
                0x00002c94       0xd4
 i.hci_transport_write_data
                0x00002c94       0xd4 Z:\Program Files (x86)\Cypress\PSoC Creator\3.3\PSoC Creator\psoc\content\cycomponentlibrary\CyComponentLibrary.cylib\BLE_v2_0\Library\gccCyBLEStack_BLE_SOC_PERIPHERAL.a(transport_sf.o)
                0x00002c94                hci_transport_write_data

i.pf_hci_soft_transport_write
                0x00002d68       0x44
 i.pf_hci_soft_transport_write
                0x00002d68       0x44 Z:\Program Files (x86)\Cypress\PSoC Creator\3.3\PSoC Creator\psoc\content\cycomponentlibrary\CyComponentLibrary.cylib\BLE_v2_0\Library\gccCyBLEStack_BLE_SOC_PERIPHERAL.a(transport_sf.o)
                0x00002d68                pf_hci_soft_transport_write

i.pf_soft_hci_transport_init
                0x00002dac        0xc
 i.pf_soft_hci_transport_init
                0x00002dac        0xc Z:\Program Files (x86)\Cypress\PSoC Creator\3.3\PSoC Creator\psoc\content\cycomponentlibrary\CyComponentLibrary.cylib\BLE_v2_0\Library\gccCyBLEStack_BLE_SOC_PERIPHERAL.a(transport_sf.o)
                0x00002dac                pf_soft_hci_transport_init

i.CyBleStackMgr_GetTime
                0x00002db8       0x14
 i.CyBleStackMgr_GetTime
                0x00002db8       0x14 Z:\Program Files (x86)\Cypress\PSoC Creator\3.3\PSoC Creator\psoc\content\cycomponentlibrary\CyComponentLibrary.cylib\BLE_v2_0\Library\gccCyBLEStack_BLE_SOC_PERIPHERAL.a(CyBleStackMgr_PSoCHal.o)
                0x00002db8                CyBleStackMgr_GetTime

i.CyBleStackMgr_HalInit
                0x00002dcc       0x24
 i.CyBleStackMgr_HalInit
                0x00002dcc       0x24 Z:\Program Files (x86)\Cypress\PSoC Creator\3.3\PSoC Creator\psoc\content\cycomponentlibrary\CyComponentLibrary.cylib\BLE_v2_0\Library\gccCyBLEStack_BLE_SOC_PERIPHERAL.a(CyBleStackMgr_PSoCHal.o)
                0x00002dcc                CyBleStackMgr_HalInit

i.CyBleStackMgr_HalIntrEnable
                0x00002df0        0x8
 i.CyBleStackMgr_HalIntrEnable
                0x00002df0        0x8 Z:\Program Files (x86)\Cypress\PSoC Creator\3.3\PSoC Creator\psoc\content\cycomponentlibrary\CyComponentLibrary.cylib\BLE_v2_0\Library\gccCyBLEStack_BLE_SOC_PERIPHERAL.a(CyBleStackMgr_PSoCHal.o)
                0x00002df0                CyBleStackMgr_HalIntrEnable

i.CyBleStackMgr_HalReset
                0x00002df8        0x4
 i.CyBleStackMgr_HalReset
                0x00002df8        0x4 Z:\Program Files (x86)\Cypress\PSoC Creator\3.3\PSoC Creator\psoc\content\cycomponentlibrary\CyComponentLibrary.cylib\BLE_v2_0\Library\gccCyBLEStack_BLE_SOC_PERIPHERAL.a(CyBleStackMgr_PSoCHal.o)
                0x00002df8                CyBleStackMgr_HalReset

i.CyBleStackMgr_HandleLinkLayerTick
                0x00002dfc       0x5c
 i.CyBleStackMgr_HandleLinkLayerTick
                0x00002dfc       0x5c Z:\Program Files (x86)\Cypress\PSoC Creator\3.3\PSoC Creator\psoc\content\cycomponentlibrary\CyComponentLibrary.cylib\BLE_v2_0\Library\gccCyBLEStack_BLE_SOC_PERIPHERAL.a(CyBleStackMgr_PSoCHal.o)
                0x00002dfc                CyBleStackMgr_HandleLinkLayerTick

i.CyBleStackMgr_HciPortInit
                0x00002e58        0xc
 i.CyBleStackMgr_HciPortInit
                0x00002e58        0xc Z:\Program Files (x86)\Cypress\PSoC Creator\3.3\PSoC Creator\psoc\content\cycomponentlibrary\CyComponentLibrary.cylib\BLE_v2_0\Library\gccCyBLEStack_BLE_SOC_PERIPHERAL.a(CyBleStackMgr_PSoCHal.o)
                0x00002e58                CyBleStackMgr_HciPortInit

i.CyBleStackMgr_HciPortReset
                0x00002e64        0x2
 i.CyBleStackMgr_HciPortReset
                0x00002e64        0x2 Z:\Program Files (x86)\Cypress\PSoC Creator\3.3\PSoC Creator\psoc\content\cycomponentlibrary\CyComponentLibrary.cylib\BLE_v2_0\Library\gccCyBLEStack_BLE_SOC_PERIPHERAL.a(CyBleStackMgr_PSoCHal.o)
                0x00002e64                CyBleStackMgr_HciPortReset

i.CyBleStackMgr_HciPortWrite
                0x00002e66        0x8
 i.CyBleStackMgr_HciPortWrite
                0x00002e66        0x8 Z:\Program Files (x86)\Cypress\PSoC Creator\3.3\PSoC Creator\psoc\content\cycomponentlibrary\CyComponentLibrary.cylib\BLE_v2_0\Library\gccCyBLEStack_BLE_SOC_PERIPHERAL.a(CyBleStackMgr_PSoCHal.o)
                0x00002e66                CyBleStackMgr_HciPortWrite

i.CyBleStackMgr_ResetLinkLayerTimerEntity
                0x00002e70       0x14
 i.CyBleStackMgr_ResetLinkLayerTimerEntity
                0x00002e70       0x14 Z:\Program Files (x86)\Cypress\PSoC Creator\3.3\PSoC Creator\psoc\content\cycomponentlibrary\CyComponentLibrary.cylib\BLE_v2_0\Library\gccCyBLEStack_BLE_SOC_PERIPHERAL.a(CyBleStackMgr_PSoCHal.o)
                0x00002e70                CyBleStackMgr_ResetLinkLayerTimerEntity

i.CyBleStackMgr_TimerStart
                0x00002e84       0x2c
 i.CyBleStackMgr_TimerStart
                0x00002e84       0x2c Z:\Program Files (x86)\Cypress\PSoC Creator\3.3\PSoC Creator\psoc\content\cycomponentlibrary\CyComponentLibrary.cylib\BLE_v2_0\Library\gccCyBLEStack_BLE_SOC_PERIPHERAL.a(CyBleStackMgr_PSoCHal.o)
                0x00002e84                CyBleStackMgr_TimerStart

i.CyBleStackMgr_TimerStop
                0x00002eb0       0x18
 i.CyBleStackMgr_TimerStop
                0x00002eb0       0x18 Z:\Program Files (x86)\Cypress\PSoC Creator\3.3\PSoC Creator\psoc\content\cycomponentlibrary\CyComponentLibrary.cylib\BLE_v2_0\Library\gccCyBLEStack_BLE_SOC_PERIPHERAL.a(CyBleStackMgr_PSoCHal.o)
                0x00002eb0                CyBleStackMgr_TimerStop

i.CyBleStackMgr_isTimerRunning
                0x00002ec8       0x10
 i.CyBleStackMgr_isTimerRunning
                0x00002ec8       0x10 Z:\Program Files (x86)\Cypress\PSoC Creator\3.3\PSoC Creator\psoc\content\cycomponentlibrary\CyComponentLibrary.cylib\BLE_v2_0\Library\gccCyBLEStack_BLE_SOC_PERIPHERAL.a(CyBleStackMgr_PSoCHal.o)
                0x00002ec8                CyBleStackMgr_isTimerRunning

i.CyBleAtlantisRadioInit
                0x00002ed8      0x150
 i.CyBleAtlantisRadioInit
                0x00002ed8      0x150 Z:\Program Files (x86)\Cypress\PSoC Creator\3.3\PSoC Creator\psoc\content\cycomponentlibrary\CyComponentLibrary.cylib\BLE_v2_0\Library\gccCyBLEStack_BLE_SOC_PERIPHERAL.a(CyBleStackMgr_BleSSDriver.o)

i.CyBleStackMgr_BleSSFifoRead
                0x00003028       0x38
 i.CyBleStackMgr_BleSSFifoRead
                0x00003028       0x38 Z:\Program Files (x86)\Cypress\PSoC Creator\3.3\PSoC Creator\psoc\content\cycomponentlibrary\CyComponentLibrary.cylib\BLE_v2_0\Library\gccCyBLEStack_BLE_SOC_PERIPHERAL.a(CyBleStackMgr_BleSSDriver.o)
                0x00003028                CyBleStackMgr_BleSSFifoRead

i.CyBleStackMgr_BleSSFifoWrite
                0x00003060       0x30
 i.CyBleStackMgr_BleSSFifoWrite
                0x00003060       0x30 Z:\Program Files (x86)\Cypress\PSoC Creator\3.3\PSoC Creator\psoc\content\cycomponentlibrary\CyComponentLibrary.cylib\BLE_v2_0\Library\gccCyBLEStack_BLE_SOC_PERIPHERAL.a(CyBleStackMgr_BleSSDriver.o)
                0x00003060                CyBleStackMgr_BleSSFifoWrite

i.CyBleStackMgr_BleSSInit
                0x00003090       0x50
 i.CyBleStackMgr_BleSSInit
                0x00003090       0x50 Z:\Program Files (x86)\Cypress\PSoC Creator\3.3\PSoC Creator\psoc\content\cycomponentlibrary\CyComponentLibrary.cylib\BLE_v2_0\Library\gccCyBLEStack_BLE_SOC_PERIPHERAL.a(CyBleStackMgr_BleSSDriver.o)
                0x00003090                CyBleStackMgr_BleSSInit

i.CyBleStackMgr_BleSSMemRead
                0x000030e0       0x26
 i.CyBleStackMgr_BleSSMemRead
                0x000030e0       0x26 Z:\Program Files (x86)\Cypress\PSoC Creator\3.3\PSoC Creator\psoc\content\cycomponentlibrary\CyComponentLibrary.cylib\BLE_v2_0\Library\gccCyBLEStack_BLE_SOC_PERIPHERAL.a(CyBleStackMgr_BleSSDriver.o)
                0x000030e0                CyBleStackMgr_BleSSMemRead

i.CyBleStackMgr_BleSSMemWrite
                0x00003108       0x34
 i.CyBleStackMgr_BleSSMemWrite
                0x00003108       0x34 Z:\Program Files (x86)\Cypress\PSoC Creator\3.3\PSoC Creator\psoc\content\cycomponentlibrary\CyComponentLibrary.cylib\BLE_v2_0\Library\gccCyBLEStack_BLE_SOC_PERIPHERAL.a(CyBleStackMgr_BleSSDriver.o)
                0x00003108                CyBleStackMgr_BleSSMemWrite

i.CyBleStackMgr_BleSSRegRead
                0x0000313c        0xc
 i.CyBleStackMgr_BleSSRegRead
                0x0000313c        0xc Z:\Program Files (x86)\Cypress\PSoC Creator\3.3\PSoC Creator\psoc\content\cycomponentlibrary\CyComponentLibrary.cylib\BLE_v2_0\Library\gccCyBLEStack_BLE_SOC_PERIPHERAL.a(CyBleStackMgr_BleSSDriver.o)
                0x0000313c                CyBleStackMgr_BleSSRegRead

i.CyBleStackMgr_BleSSRegWrite
                0x00003148        0xc
 i.CyBleStackMgr_BleSSRegWrite
                0x00003148        0xc Z:\Program Files (x86)\Cypress\PSoC Creator\3.3\PSoC Creator\psoc\content\cycomponentlibrary\CyComponentLibrary.cylib\BLE_v2_0\Library\gccCyBLEStack_BLE_SOC_PERIPHERAL.a(CyBleStackMgr_BleSSDriver.o)
                0x00003148                CyBleStackMgr_BleSSRegWrite

i.CyBleStackMgr_BleSSReset
                0x00003154       0x38
 i.CyBleStackMgr_BleSSReset
                0x00003154       0x38 Z:\Program Files (x86)\Cypress\PSoC Creator\3.3\PSoC Creator\psoc\content\cycomponentlibrary\CyComponentLibrary.cylib\BLE_v2_0\Library\gccCyBLEStack_BLE_SOC_PERIPHERAL.a(CyBleStackMgr_BleSSDriver.o)
                0x00003154                CyBleStackMgr_BleSSReset

i.CyBleStackMgr_BleSSShutdown
                0x0000318c       0x24
 i.CyBleStackMgr_BleSSShutdown
                0x0000318c       0x24 Z:\Program Files (x86)\Cypress\PSoC Creator\3.3\PSoC Creator\psoc\content\cycomponentlibrary\CyComponentLibrary.cylib\BLE_v2_0\Library\gccCyBLEStack_BLE_SOC_PERIPHERAL.a(CyBleStackMgr_BleSSDriver.o)
                0x0000318c                CyBleStackMgr_BleSSShutdown

i.CyBleStackMgr_GenericIface
                0x000031b0       0x3c
 i.CyBleStackMgr_GenericIface
                0x000031b0       0x3c Z:\Program Files (x86)\Cypress\PSoC Creator\3.3\PSoC Creator\psoc\content\cycomponentlibrary\CyComponentLibrary.cylib\BLE_v2_0\Library\gccCyBLEStack_BLE_SOC_PERIPHERAL.a(CyBleStackMgr_BleSSDriver.o)
                0x000031b0                CyBleStackMgr_GenericIface

i.CyBleStackMgr_HandleBleSSIntr
                0x000031ec       0x90
 i.CyBleStackMgr_HandleBleSSIntr
                0x000031ec       0x90 Z:\Program Files (x86)\Cypress\PSoC Creator\3.3\PSoC Creator\psoc\content\cycomponentlibrary\CyComponentLibrary.cylib\BLE_v2_0\Library\gccCyBLEStack_BLE_SOC_PERIPHERAL.a(CyBleStackMgr_BleSSDriver.o)
                0x000031ec                CyBleStackMgr_HandleBleSSIntr

i.CyBleStackMgr_SetClockParam
                0x0000327c       0xb4
 i.CyBleStackMgr_SetClockParam
                0x0000327c       0xb4 Z:\Program Files (x86)\Cypress\PSoC Creator\3.3\PSoC Creator\psoc\content\cycomponentlibrary\CyComponentLibrary.cylib\BLE_v2_0\Library\gccCyBLEStack_BLE_SOC_PERIPHERAL.a(CyBleStackMgr_BleSSDriver.o)

i.CyBleStackMgr_isXtalCpuClkSource
                0x00003330       0x18
 i.CyBleStackMgr_isXtalCpuClkSource
                0x00003330       0x18 Z:\Program Files (x86)\Cypress\PSoC Creator\3.3\PSoC Creator\psoc\content\cycomponentlibrary\CyComponentLibrary.cylib\BLE_v2_0\Library\gccCyBLEStack_BLE_SOC_PERIPHERAL.a(CyBleStackMgr_BleSSDriver.o)
                0x00003330                CyBleStackMgr_isXtalCpuClkSource

i.CyBle_EnterDsmMode
                0x00003348       0x3c
 i.CyBle_EnterDsmMode
                0x00003348       0x3c Z:\Program Files (x86)\Cypress\PSoC Creator\3.3\PSoC Creator\psoc\content\cycomponentlibrary\CyComponentLibrary.cylib\BLE_v2_0\Library\gccCyBLEStack_BLE_SOC_PERIPHERAL.a(CyBleStackMgr_BleSSDriver.o)
                0x00003348                CyBle_EnterDsmMode

i.CyBle_ExitDsmMode
                0x00003384       0x2c
 i.CyBle_ExitDsmMode
                0x00003384       0x2c Z:\Program Files (x86)\Cypress\PSoC Creator\3.3\PSoC Creator\psoc\content\cycomponentlibrary\CyComponentLibrary.cylib\BLE_v2_0\Library\gccCyBLEStack_BLE_SOC_PERIPHERAL.a(CyBleStackMgr_BleSSDriver.o)
                0x00003384                CyBle_ExitDsmMode

i.CyBle_GetBleSsOperationalMode
                0x000033b0        0xc
 i.CyBle_GetBleSsOperationalMode
                0x000033b0        0xc Z:\Program Files (x86)\Cypress\PSoC Creator\3.3\PSoC Creator\psoc\content\cycomponentlibrary\CyComponentLibrary.cylib\BLE_v2_0\Library\gccCyBLEStack_BLE_SOC_PERIPHERAL.a(CyBleStackMgr_BleSSDriver.o)
                0x000033b0                CyBle_GetBleSsOperationalMode

i.CyBle_GetEventCloseState
                0x000033bc       0x10
 i.CyBle_GetEventCloseState
                0x000033bc       0x10 Z:\Program Files (x86)\Cypress\PSoC Creator\3.3\PSoC Creator\psoc\content\cycomponentlibrary\CyComponentLibrary.cylib\BLE_v2_0\Library\gccCyBLEStack_BLE_SOC_PERIPHERAL.a(CyBleStackMgr_BleSSDriver.o)
                0x000033bc                CyBle_GetEventCloseState

i.CyBle_GetLpMode
                0x000033cc       0x26
 i.CyBle_GetLpMode
                0x000033cc       0x26 Z:\Program Files (x86)\Cypress\PSoC Creator\3.3\PSoC Creator\psoc\content\cycomponentlibrary\CyComponentLibrary.cylib\BLE_v2_0\Library\gccCyBLEStack_BLE_SOC_PERIPHERAL.a(CyBleStackMgr_BleSSDriver.o)
                0x000033cc                CyBle_GetLpMode

i.CyBle_GetTxGainMode
                0x000033f4       0x2c
 i.CyBle_GetTxGainMode
                0x000033f4       0x2c Z:\Program Files (x86)\Cypress\PSoC Creator\3.3\PSoC Creator\psoc\content\cycomponentlibrary\CyComponentLibrary.cylib\BLE_v2_0\Library\gccCyBLEStack_BLE_SOC_PERIPHERAL.a(CyBleStackMgr_BleSSDriver.o)
                0x000033f4                CyBle_GetTxGainMode

i.CyBle_SetAutoWakeUp
                0x00003420        0xc
 i.CyBle_SetAutoWakeUp
                0x00003420        0xc Z:\Program Files (x86)\Cypress\PSoC Creator\3.3\PSoC Creator\psoc\content\cycomponentlibrary\CyComponentLibrary.cylib\BLE_v2_0\Library\gccCyBLEStack_BLE_SOC_PERIPHERAL.a(CyBleStackMgr_BleSSDriver.o)
                0x00003420                CyBle_SetAutoWakeUp

i.CyBle_SetBleSsOperationalMode
                0x0000342c       0x20
 i.CyBle_SetBleSsOperationalMode
                0x0000342c       0x20 Z:\Program Files (x86)\Cypress\PSoC Creator\3.3\PSoC Creator\psoc\content\cycomponentlibrary\CyComponentLibrary.cylib\BLE_v2_0\Library\gccCyBLEStack_BLE_SOC_PERIPHERAL.a(CyBleStackMgr_BleSSDriver.o)
                0x0000342c                CyBle_SetBleSsOperationalMode

i.CyBle_SetEventCloseState
                0x0000344c        0xc
 i.CyBle_SetEventCloseState
                0x0000344c        0xc Z:\Program Files (x86)\Cypress\PSoC Creator\3.3\PSoC Creator\psoc\content\cycomponentlibrary\CyComponentLibrary.cylib\BLE_v2_0\Library\gccCyBLEStack_BLE_SOC_PERIPHERAL.a(CyBleStackMgr_BleSSDriver.o)
                0x0000344c                CyBle_SetEventCloseState

i.CyBle_SetRxGainMode
                0x00003458       0x20
 i.CyBle_SetRxGainMode
                0x00003458       0x20 Z:\Program Files (x86)\Cypress\PSoC Creator\3.3\PSoC Creator\psoc\content\cycomponentlibrary\CyComponentLibrary.cylib\BLE_v2_0\Library\gccCyBLEStack_BLE_SOC_PERIPHERAL.a(CyBleStackMgr_BleSSDriver.o)
                0x00003458                CyBle_SetRxGainMode

i.CyBle_SetTxGainMode
                0x00003478       0x38
 i.CyBle_SetTxGainMode
                0x00003478       0x38 Z:\Program Files (x86)\Cypress\PSoC Creator\3.3\PSoC Creator\psoc\content\cycomponentlibrary\CyComponentLibrary.cylib\BLE_v2_0\Library\gccCyBLEStack_BLE_SOC_PERIPHERAL.a(CyBleStackMgr_BleSSDriver.o)
                0x00003478                CyBle_SetTxGainMode

i.pf_rf_get_abs_rssi
                0x000034b0       0x24
 i.pf_rf_get_abs_rssi
                0x000034b0       0x24 Z:\Program Files (x86)\Cypress\PSoC Creator\3.3\PSoC Creator\psoc\content\cycomponentlibrary\CyComponentLibrary.cylib\BLE_v2_0\Library\gccCyBLEStack_BLE_SOC_PERIPHERAL.a(CyBleStackMgr_BleSSDriver.o)
                0x000034b0                pf_rf_get_abs_rssi

i.OS_init       0x000034d4       0x64
 i.OS_init      0x000034d4       0x64 Z:\Program Files (x86)\Cypress\PSoC Creator\3.3\PSoC Creator\psoc\content\cycomponentlibrary\CyComponentLibrary.cylib\BLE_v2_0\Library\gccCyBLEStack_BLE_SOC_PERIPHERAL.a(mint_os.o)
                0x000034d4                OS_init

i.OS_shutdown   0x00003538        0x4
 i.OS_shutdown  0x00003538        0x4 Z:\Program Files (x86)\Cypress\PSoC Creator\3.3\PSoC Creator\psoc\content\cycomponentlibrary\CyComponentLibrary.cylib\BLE_v2_0\Library\gccCyBLEStack_BLE_SOC_PERIPHERAL.a(mint_os.o)
                0x00003538                OS_shutdown

i.mintos_malloc
                0x0000353c       0x34
 i.mintos_malloc
                0x0000353c       0x34 Z:\Program Files (x86)\Cypress\PSoC Creator\3.3\PSoC Creator\psoc\content\cycomponentlibrary\CyComponentLibrary.cylib\BLE_v2_0\Library\gccCyBLEStack_BLE_SOC_PERIPHERAL.a(mint_os.o)
                0x0000353c                mintos_malloc

i.OS_create_queue
                0x00003570       0x64
 i.OS_create_queue
                0x00003570       0x64 Z:\Program Files (x86)\Cypress\PSoC Creator\3.3\PSoC Creator\psoc\content\cycomponentlibrary\CyComponentLibrary.cylib\BLE_v2_0\Library\gccCyBLEStack_BLE_SOC_PERIPHERAL.a(mint_os_queue.o)
                0x00003570                OS_create_queue

i.OS_enqueue_item
                0x000035d4       0x8c
 i.OS_enqueue_item
                0x000035d4       0x8c Z:\Program Files (x86)\Cypress\PSoC Creator\3.3\PSoC Creator\psoc\content\cycomponentlibrary\CyComponentLibrary.cylib\BLE_v2_0\Library\gccCyBLEStack_BLE_SOC_PERIPHERAL.a(mint_os_queue.o)
                0x000035d4                OS_enqueue_item

i.OS_queue_get_num_of_items
                0x00003660       0x28
 i.OS_queue_get_num_of_items
                0x00003660       0x28 Z:\Program Files (x86)\Cypress\PSoC Creator\3.3\PSoC Creator\psoc\content\cycomponentlibrary\CyComponentLibrary.cylib\BLE_v2_0\Library\gccCyBLEStack_BLE_SOC_PERIPHERAL.a(mint_os_queue.o)
                0x00003660                OS_queue_get_num_of_items

i.OS_queue_mgmt_init
                0x00003688       0x40
 i.OS_queue_mgmt_init
                0x00003688       0x40 Z:\Program Files (x86)\Cypress\PSoC Creator\3.3\PSoC Creator\psoc\content\cycomponentlibrary\CyComponentLibrary.cylib\BLE_v2_0\Library\gccCyBLEStack_BLE_SOC_PERIPHERAL.a(mint_os_queue.o)
                0x00003688                OS_queue_mgmt_init

i.OS_remove_item
                0x000036c8       0xa0
 i.OS_remove_item
                0x000036c8       0xa0 Z:\Program Files (x86)\Cypress\PSoC Creator\3.3\PSoC Creator\psoc\content\cycomponentlibrary\CyComponentLibrary.cylib\BLE_v2_0\Library\gccCyBLEStack_BLE_SOC_PERIPHERAL.a(mint_os_queue.o)
                0x000036c8                OS_remove_item

i.OS_create_task
                0x00003768       0x88
 i.OS_create_task
                0x00003768       0x88 Z:\Program Files (x86)\Cypress\PSoC Creator\3.3\PSoC Creator\psoc\content\cycomponentlibrary\CyComponentLibrary.cylib\BLE_v2_0\Library\gccCyBLEStack_BLE_SOC_PERIPHERAL.a(mint_os_task.o)
                0x00003768                OS_create_task

i.OS_isr_send_signal_to_task
                0x000037f0        0xc
 i.OS_isr_send_signal_to_task
                0x000037f0        0xc Z:\Program Files (x86)\Cypress\PSoC Creator\3.3\PSoC Creator\psoc\content\cycomponentlibrary\CyComponentLibrary.cylib\BLE_v2_0\Library\gccCyBLEStack_BLE_SOC_PERIPHERAL.a(mint_os_task.o)
                0x000037f0                OS_isr_send_signal_to_task

i.OS_scheduler  0x000037fc       0x64
 i.OS_scheduler
                0x000037fc       0x64 Z:\Program Files (x86)\Cypress\PSoC Creator\3.3\PSoC Creator\psoc\content\cycomponentlibrary\CyComponentLibrary.cylib\BLE_v2_0\Library\gccCyBLEStack_BLE_SOC_PERIPHERAL.a(mint_os_task.o)
                0x000037fc                OS_scheduler

i.OS_send_signal_to_task
                0x00003860        0xc
 i.OS_send_signal_to_task
                0x00003860        0xc Z:\Program Files (x86)\Cypress\PSoC Creator\3.3\PSoC Creator\psoc\content\cycomponentlibrary\CyComponentLibrary.cylib\BLE_v2_0\Library\gccCyBLEStack_BLE_SOC_PERIPHERAL.a(mint_os_task.o)
                0x00003860                OS_send_signal_to_task

i.OS_send_signal_to_task_context
                0x0000386c       0x3c
 i.OS_send_signal_to_task_context
                0x0000386c       0x3c Z:\Program Files (x86)\Cypress\PSoC Creator\3.3\PSoC Creator\psoc\content\cycomponentlibrary\CyComponentLibrary.cylib\BLE_v2_0\Library\gccCyBLEStack_BLE_SOC_PERIPHERAL.a(mint_os_task.o)

i.OS_task_mgmt_init
                0x000038a8       0x50
 i.OS_task_mgmt_init
                0x000038a8       0x50 Z:\Program Files (x86)\Cypress\PSoC Creator\3.3\PSoC Creator\psoc\content\cycomponentlibrary\CyComponentLibrary.cylib\BLE_v2_0\Library\gccCyBLEStack_BLE_SOC_PERIPHERAL.a(mint_os_task.o)
                0x000038a8                OS_task_mgmt_init

i.mint_buf_mgmt_allocate_buffer
                0x000038f8       0x4c
 i.mint_buf_mgmt_allocate_buffer
                0x000038f8       0x4c Z:\Program Files (x86)\Cypress\PSoC Creator\3.3\PSoC Creator\psoc\content\cycomponentlibrary\CyComponentLibrary.cylib\BLE_v2_0\Library\gccCyBLEStack_BLE_SOC_PERIPHERAL.a(mint_buf_mgmt.o)
                0x000038f8                mint_buf_mgmt_allocate_buffer

i.mint_buf_mgmt_create_pool
                0x00003944       0xd0
 i.mint_buf_mgmt_create_pool
                0x00003944       0xd0 Z:\Program Files (x86)\Cypress\PSoC Creator\3.3\PSoC Creator\psoc\content\cycomponentlibrary\CyComponentLibrary.cylib\BLE_v2_0\Library\gccCyBLEStack_BLE_SOC_PERIPHERAL.a(mint_buf_mgmt.o)
                0x00003944                mint_buf_mgmt_create_pool

i.mint_buf_mgmt_free_buffer
                0x00003a14       0xa4
 i.mint_buf_mgmt_free_buffer
                0x00003a14       0xa4 Z:\Program Files (x86)\Cypress\PSoC Creator\3.3\PSoC Creator\psoc\content\cycomponentlibrary\CyComponentLibrary.cylib\BLE_v2_0\Library\gccCyBLEStack_BLE_SOC_PERIPHERAL.a(mint_buf_mgmt.o)
                0x00003a14                mint_buf_mgmt_free_buffer

i.mint_buf_mgmt_init
                0x00003ab8       0x44
 i.mint_buf_mgmt_init
                0x00003ab8       0x44 Z:\Program Files (x86)\Cypress\PSoC Creator\3.3\PSoC Creator\psoc\content\cycomponentlibrary\CyComponentLibrary.cylib\BLE_v2_0\Library\gccCyBLEStack_BLE_SOC_PERIPHERAL.a(mint_buf_mgmt.o)
                0x00003ab8                mint_buf_mgmt_init

i.mint_buf_mgmt_malloc
                0x00003afc       0x2c
 i.mint_buf_mgmt_malloc
                0x00003afc       0x2c Z:\Program Files (x86)\Cypress\PSoC Creator\3.3\PSoC Creator\psoc\content\cycomponentlibrary\CyComponentLibrary.cylib\BLE_v2_0\Library\gccCyBLEStack_BLE_SOC_PERIPHERAL.a(mint_buf_mgmt.o)
                0x00003afc                mint_buf_mgmt_malloc

i.mint_buf_mgmt_pl_init
                0x00003b28       0x40
 i.mint_buf_mgmt_pl_init
                0x00003b28       0x40 Z:\Program Files (x86)\Cypress\PSoC Creator\3.3\PSoC Creator\psoc\content\cycomponentlibrary\CyComponentLibrary.cylib\BLE_v2_0\Library\gccCyBLEStack_BLE_SOC_PERIPHERAL.a(mint_buf_mgmt.o)
                0x00003b28                mint_buf_mgmt_pl_init

i.mint_buf_mgmt_reset_pool
                0x00003b68       0x70
 i.mint_buf_mgmt_reset_pool
                0x00003b68       0x70 Z:\Program Files (x86)\Cypress\PSoC Creator\3.3\PSoC Creator\psoc\content\cycomponentlibrary\CyComponentLibrary.cylib\BLE_v2_0\Library\gccCyBLEStack_BLE_SOC_PERIPHERAL.a(mint_buf_mgmt.o)
                0x00003b68                mint_buf_mgmt_reset_pool

i.mint_buf_mgmt_stack_init
                0x00003bd8       0x24
 i.mint_buf_mgmt_stack_init
                0x00003bd8       0x24 Z:\Program Files (x86)\Cypress\PSoC Creator\3.3\PSoC Creator\psoc\content\cycomponentlibrary\CyComponentLibrary.cylib\BLE_v2_0\Library\gccCyBLEStack_BLE_SOC_PERIPHERAL.a(mint_buf_mgmt.o)
                0x00003bd8                mint_buf_mgmt_stack_init

i.mint_buf_mgmt_stack_pop
                0x00003bfc       0x36
 i.mint_buf_mgmt_stack_pop
                0x00003bfc       0x36 Z:\Program Files (x86)\Cypress\PSoC Creator\3.3\PSoC Creator\psoc\content\cycomponentlibrary\CyComponentLibrary.cylib\BLE_v2_0\Library\gccCyBLEStack_BLE_SOC_PERIPHERAL.a(mint_buf_mgmt.o)
                0x00003bfc                mint_buf_mgmt_stack_pop

i.mint_buf_mgmt_stack_push
                0x00003c32       0x36
 i.mint_buf_mgmt_stack_push
                0x00003c32       0x36 Z:\Program Files (x86)\Cypress\PSoC Creator\3.3\PSoC Creator\psoc\content\cycomponentlibrary\CyComponentLibrary.cylib\BLE_v2_0\Library\gccCyBLEStack_BLE_SOC_PERIPHERAL.a(mint_buf_mgmt.o)
                0x00003c32                mint_buf_mgmt_stack_push

i.mint_buf_mgmt_stack_reset
                0x00003c68       0x1e
 i.mint_buf_mgmt_stack_reset
                0x00003c68       0x1e Z:\Program Files (x86)\Cypress\PSoC Creator\3.3\PSoC Creator\psoc\content\cycomponentlibrary\CyComponentLibrary.cylib\BLE_v2_0\Library\gccCyBLEStack_BLE_SOC_PERIPHERAL.a(mint_buf_mgmt.o)
                0x00003c68                mint_buf_mgmt_stack_reset

i.mint_buf_mgmt_stack_search_item
                0x00003c86       0x30
 i.mint_buf_mgmt_stack_search_item
                0x00003c86       0x30 Z:\Program Files (x86)\Cypress\PSoC Creator\3.3\PSoC Creator\psoc\content\cycomponentlibrary\CyComponentLibrary.cylib\BLE_v2_0\Library\gccCyBLEStack_BLE_SOC_PERIPHERAL.a(mint_buf_mgmt.o)
                0x00003c86                mint_buf_mgmt_stack_search_item

i.CyBleControllerIP_GetPingState
                0x00003cb8        0xc
 i.CyBleControllerIP_GetPingState
                0x00003cb8        0xc Z:\Program Files (x86)\Cypress\PSoC Creator\3.3\PSoC Creator\psoc\content\cycomponentlibrary\CyComponentLibrary.cylib\BLE_v2_0\Library\gccCyBLEStack_BLE_SOC_PERIPHERAL.a(CyBleControllerIP_Interface.o)
                0x00003cb8                CyBleControllerIP_GetPingState

i.CyBleController_AddDeviceToWhiteList
                0x00003cc4       0x40
 i.CyBleController_AddDeviceToWhiteList
                0x00003cc4       0x40 Z:\Program Files (x86)\Cypress\PSoC Creator\3.3\PSoC Creator\psoc\content\cycomponentlibrary\CyComponentLibrary.cylib\BLE_v2_0\Library\gccCyBLEStack_BLE_SOC_PERIPHERAL.a(CyBleControllerIP_Interface.o)
                0x00003cc4                CyBleController_AddDeviceToWhiteList

i.CyBleController_EnterLowPowerMode
                0x00003d04       0x2c
 i.CyBleController_EnterLowPowerMode
                0x00003d04       0x2c Z:\Program Files (x86)\Cypress\PSoC Creator\3.3\PSoC Creator\psoc\content\cycomponentlibrary\CyComponentLibrary.cylib\BLE_v2_0\Library\gccCyBLEStack_BLE_SOC_PERIPHERAL.a(CyBleControllerIP_Interface.o)
                0x00003d04                CyBleController_EnterLowPowerMode

i.CyBleController_ExitLowPowerMode
                0x00003d30       0x10
 i.CyBleController_ExitLowPowerMode
                0x00003d30       0x10 Z:\Program Files (x86)\Cypress\PSoC Creator\3.3\PSoC Creator\psoc\content\cycomponentlibrary\CyComponentLibrary.cylib\BLE_v2_0\Library\gccCyBLEStack_BLE_SOC_PERIPHERAL.a(CyBleControllerIP_Interface.o)
                0x00003d30                CyBleController_ExitLowPowerMode

i.CyBleController_Init
                0x00003d40       0x32
 i.CyBleController_Init
                0x00003d40       0x32 Z:\Program Files (x86)\Cypress\PSoC Creator\3.3\PSoC Creator\psoc\content\cycomponentlibrary\CyComponentLibrary.cylib\BLE_v2_0\Library\gccCyBLEStack_BLE_SOC_PERIPHERAL.a(CyBleControllerIP_Interface.o)
                0x00003d40                CyBleController_Init

i.CyBleController_Reset
                0x00003d72        0x4
 i.CyBleController_Reset
                0x00003d72        0x4 Z:\Program Files (x86)\Cypress\PSoC Creator\3.3\PSoC Creator\psoc\content\cycomponentlibrary\CyComponentLibrary.cylib\BLE_v2_0\Library\gccCyBLEStack_BLE_SOC_PERIPHERAL.a(CyBleControllerIP_Interface.o)
                0x00003d72                CyBleController_Reset

i.CyBleController_SetDeviceAddress
                0x00003d76       0x2e
 i.CyBleController_SetDeviceAddress
                0x00003d76       0x2e Z:\Program Files (x86)\Cypress\PSoC Creator\3.3\PSoC Creator\psoc\content\cycomponentlibrary\CyComponentLibrary.cylib\BLE_v2_0\Library\gccCyBLEStack_BLE_SOC_PERIPHERAL.a(CyBleControllerIP_Interface.o)
                0x00003d76                CyBleController_SetDeviceAddress

i.CyBle_GetBleSsState
                0x00003da4       0x10
 i.CyBle_GetBleSsState
                0x00003da4       0x10 Z:\Program Files (x86)\Cypress\PSoC Creator\3.3\PSoC Creator\psoc\content\cycomponentlibrary\CyComponentLibrary.cylib\BLE_v2_0\Library\gccCyBLEStack_BLE_SOC_PERIPHERAL.a(CyBleControllerIP_Interface.o)
                0x00003da4                CyBle_GetBleSsState

i.CyBle_GetTxPowerLevel
                0x00003db4       0x4e
 i.CyBle_GetTxPowerLevel
                0x00003db4       0x4e Z:\Program Files (x86)\Cypress\PSoC Creator\3.3\PSoC Creator\psoc\content\cycomponentlibrary\CyComponentLibrary.cylib\BLE_v2_0\Library\gccCyBLEStack_BLE_SOC_PERIPHERAL.a(CyBleControllerIP_Interface.o)
                0x00003db4                CyBle_GetTxPowerLevel

i.CyBle_SetTxPowerLevel
                0x00003e02       0x56
 i.CyBle_SetTxPowerLevel
                0x00003e02       0x56 Z:\Program Files (x86)\Cypress\PSoC Creator\3.3\PSoC Creator\psoc\content\cycomponentlibrary\CyComponentLibrary.cylib\BLE_v2_0\Library\gccCyBLEStack_BLE_SOC_PERIPHERAL.a(CyBleControllerIP_Interface.o)
                0x00003e02                CyBle_SetTxPowerLevel

i.ll_check_and_mark_packet_ready_for_transmission
                0x00003e58       0x28
 i.ll_check_and_mark_packet_ready_for_transmission
                0x00003e58       0x28 Z:\Program Files (x86)\Cypress\PSoC Creator\3.3\PSoC Creator\psoc\content\cycomponentlibrary\CyComponentLibrary.cylib\BLE_v2_0\Library\gccCyBLEStack_BLE_SOC_PERIPHERAL.a(ll.o)
                0x00003e58                ll_check_and_mark_packet_ready_for_transmission

i.ll_cleanup_pending_data_pdu
                0x00003e80       0x38
 i.ll_cleanup_pending_data_pdu
                0x00003e80       0x38 Z:\Program Files (x86)\Cypress\PSoC Creator\3.3\PSoC Creator\psoc\content\cycomponentlibrary\CyComponentLibrary.cylib\BLE_v2_0\Library\gccCyBLEStack_BLE_SOC_PERIPHERAL.a(ll.o)
                0x00003e80                ll_cleanup_pending_data_pdu

i.ll_enter_dsm_mode
                0x00003eb8      0x1a4
 i.ll_enter_dsm_mode
                0x00003eb8      0x1a4 Z:\Program Files (x86)\Cypress\PSoC Creator\3.3\PSoC Creator\psoc\content\cycomponentlibrary\CyComponentLibrary.cylib\BLE_v2_0\Library\gccCyBLEStack_BLE_SOC_PERIPHERAL.a(ll.o)
                0x00003eb8                ll_enter_dsm_mode

i.ll_enter_hibernate_mode
                0x0000405c       0x28
 i.ll_enter_hibernate_mode
                0x0000405c       0x28 Z:\Program Files (x86)\Cypress\PSoC Creator\3.3\PSoC Creator\psoc\content\cycomponentlibrary\CyComponentLibrary.cylib\BLE_v2_0\Library\gccCyBLEStack_BLE_SOC_PERIPHERAL.a(ll.o)
                0x0000405c                ll_enter_hibernate_mode

i.ll_enter_sm_mode
                0x00004084       0x60
 i.ll_enter_sm_mode
                0x00004084       0x60 Z:\Program Files (x86)\Cypress\PSoC Creator\3.3\PSoC Creator\psoc\content\cycomponentlibrary\CyComponentLibrary.cylib\BLE_v2_0\Library\gccCyBLEStack_BLE_SOC_PERIPHERAL.a(ll.o)
                0x00004084                ll_enter_sm_mode

i.ll_exit_low_power_mode
                0x000040e4       0xac
 i.ll_exit_low_power_mode
                0x000040e4       0xac Z:\Program Files (x86)\Cypress\PSoC Creator\3.3\PSoC Creator\psoc\content\cycomponentlibrary\CyComponentLibrary.cylib\BLE_v2_0\Library\gccCyBLEStack_BLE_SOC_PERIPHERAL.a(ll.o)
                0x000040e4                ll_exit_low_power_mode

i.ll_get_ack_status
                0x00004190       0x3c
 i.ll_get_ack_status
                0x00004190       0x3c Z:\Program Files (x86)\Cypress\PSoC Creator\3.3\PSoC Creator\psoc\content\cycomponentlibrary\CyComponentLibrary.cylib\BLE_v2_0\Library\gccCyBLEStack_BLE_SOC_PERIPHERAL.a(ll.o)
                0x00004190                ll_get_ack_status

i.ll_get_ack_status_for_all_connections
                0x000041cc       0x34
 i.ll_get_ack_status_for_all_connections
                0x000041cc       0x34 Z:\Program Files (x86)\Cypress\PSoC Creator\3.3\PSoC Creator\psoc\content\cycomponentlibrary\CyComponentLibrary.cylib\BLE_v2_0\Library\gccCyBLEStack_BLE_SOC_PERIPHERAL.a(ll.o)
                0x000041cc                ll_get_ack_status_for_all_connections

i.ll_get_adv_ch_tx_power
                0x00004200       0x20
 i.ll_get_adv_ch_tx_power
                0x00004200       0x20 Z:\Program Files (x86)\Cypress\PSoC Creator\3.3\PSoC Creator\psoc\content\cycomponentlibrary\CyComponentLibrary.cylib\BLE_v2_0\Library\gccCyBLEStack_BLE_SOC_PERIPHERAL.a(ll.o)
                0x00004200                ll_get_adv_ch_tx_power

i.ll_get_data_channel_map
                0x00004220       0x24
 i.ll_get_data_channel_map
                0x00004220       0x24 Z:\Program Files (x86)\Cypress\PSoC Creator\3.3\PSoC Creator\psoc\content\cycomponentlibrary\CyComponentLibrary.cylib\BLE_v2_0\Library\gccCyBLEStack_BLE_SOC_PERIPHERAL.a(ll.o)
                0x00004220                ll_get_data_channel_map

i.ll_get_max_white_list_size
                0x00004244        0xc
 i.ll_get_max_white_list_size
                0x00004244        0xc Z:\Program Files (x86)\Cypress\PSoC Creator\3.3\PSoC Creator\psoc\content\cycomponentlibrary\CyComponentLibrary.cylib\BLE_v2_0\Library\gccCyBLEStack_BLE_SOC_PERIPHERAL.a(ll.o)
                0x00004244                ll_get_max_white_list_size

i.ll_get_my_role
                0x00004250        0xc
 i.ll_get_my_role
                0x00004250        0xc Z:\Program Files (x86)\Cypress\PSoC Creator\3.3\PSoC Creator\psoc\content\cycomponentlibrary\CyComponentLibrary.cylib\BLE_v2_0\Library\gccCyBLEStack_BLE_SOC_PERIPHERAL.a(ll.o)
                0x00004250                ll_get_my_role

i.ll_get_next_available_fifo_for_data_pdu
                0x0000425c        0x8
 i.ll_get_next_available_fifo_for_data_pdu
                0x0000425c        0x8 Z:\Program Files (x86)\Cypress\PSoC Creator\3.3\PSoC Creator\psoc\content\cycomponentlibrary\CyComponentLibrary.cylib\BLE_v2_0\Library\gccCyBLEStack_BLE_SOC_PERIPHERAL.a(ll.o)
                0x0000425c                ll_get_next_available_fifo_for_data_pdu

i.ll_get_next_available_fifo_for_ll_pdu
                0x00004264       0x24
 i.ll_get_next_available_fifo_for_ll_pdu
                0x00004264       0x24 Z:\Program Files (x86)\Cypress\PSoC Creator\3.3\PSoC Creator\psoc\content\cycomponentlibrary\CyComponentLibrary.cylib\BLE_v2_0\Library\gccCyBLEStack_BLE_SOC_PERIPHERAL.a(ll.o)
                0x00004264                ll_get_next_available_fifo_for_ll_pdu

i.ll_get_rssi_value
                0x00004288       0x26
 i.ll_get_rssi_value
                0x00004288       0x26 Z:\Program Files (x86)\Cypress\PSoC Creator\3.3\PSoC Creator\psoc\content\cycomponentlibrary\CyComponentLibrary.cylib\BLE_v2_0\Library\gccCyBLEStack_BLE_SOC_PERIPHERAL.a(ll.o)
                0x00004288                ll_get_rssi_value

i.ll_get_transmit_power_level
                0x000042b0       0x2c
 i.ll_get_transmit_power_level
                0x000042b0       0x2c Z:\Program Files (x86)\Cypress\PSoC Creator\3.3\PSoC Creator\psoc\content\cycomponentlibrary\CyComponentLibrary.cylib\BLE_v2_0\Library\gccCyBLEStack_BLE_SOC_PERIPHERAL.a(ll.o)
                0x000042b0                ll_get_transmit_power_level

i.ll_handle_ack_received
                0x000042dc       0x74
 i.ll_handle_ack_received
                0x000042dc       0x74 Z:\Program Files (x86)\Cypress\PSoC Creator\3.3\PSoC Creator\psoc\content\cycomponentlibrary\CyComponentLibrary.cylib\BLE_v2_0\Library\gccCyBLEStack_BLE_SOC_PERIPHERAL.a(ll.o)
                0x000042dc                ll_handle_ack_received

i.ll_handle_add_device_in_whitelist
                0x00004350       0x3a
 i.ll_handle_add_device_in_whitelist
                0x00004350       0x3a Z:\Program Files (x86)\Cypress\PSoC Creator\3.3\PSoC Creator\psoc\content\cycomponentlibrary\CyComponentLibrary.cylib\BLE_v2_0\Library\gccCyBLEStack_BLE_SOC_PERIPHERAL.a(ll.o)
                0x00004350                ll_handle_add_device_in_whitelist

i.ll_handle_clear_whitelist
                0x0000438a       0x16
 i.ll_handle_clear_whitelist
                0x0000438a       0x16 Z:\Program Files (x86)\Cypress\PSoC Creator\3.3\PSoC Creator\psoc\content\cycomponentlibrary\CyComponentLibrary.cylib\BLE_v2_0\Library\gccCyBLEStack_BLE_SOC_PERIPHERAL.a(ll.o)
                0x0000438a                ll_handle_clear_whitelist

i.ll_handle_encrypt_host_data
                0x000043a0       0x36
 i.ll_handle_encrypt_host_data
                0x000043a0       0x36 Z:\Program Files (x86)\Cypress\PSoC Creator\3.3\PSoC Creator\psoc\content\cycomponentlibrary\CyComponentLibrary.cylib\BLE_v2_0\Library\gccCyBLEStack_BLE_SOC_PERIPHERAL.a(ll.o)
                0x000043a0                ll_handle_encrypt_host_data

i.ll_handle_host_data_packet
                0x000043d6       0x54
 i.ll_handle_host_data_packet
                0x000043d6       0x54 Z:\Program Files (x86)\Cypress\PSoC Creator\3.3\PSoC Creator\psoc\content\cycomponentlibrary\CyComponentLibrary.cylib\BLE_v2_0\Library\gccCyBLEStack_BLE_SOC_PERIPHERAL.a(ll.o)
                0x000043d6                ll_handle_host_data_packet

i.ll_handle_read_host_channel_map
                0x0000442a        0x4
 i.ll_handle_read_host_channel_map
                0x0000442a        0x4 Z:\Program Files (x86)\Cypress\PSoC Creator\3.3\PSoC Creator\psoc\content\cycomponentlibrary\CyComponentLibrary.cylib\BLE_v2_0\Library\gccCyBLEStack_BLE_SOC_PERIPHERAL.a(ll.o)
                0x0000442a                ll_handle_read_host_channel_map

i.ll_handle_remove_device_in_whitelist
                0x0000442e       0x2a
 i.ll_handle_remove_device_in_whitelist
                0x0000442e       0x2a Z:\Program Files (x86)\Cypress\PSoC Creator\3.3\PSoC Creator\psoc\content\cycomponentlibrary\CyComponentLibrary.cylib\BLE_v2_0\Library\gccCyBLEStack_BLE_SOC_PERIPHERAL.a(ll.o)
                0x0000442e                ll_handle_remove_device_in_whitelist

i.ll_handle_reset
                0x00004458        0xe
 i.ll_handle_reset
                0x00004458        0xe Z:\Program Files (x86)\Cypress\PSoC Creator\3.3\PSoC Creator\psoc\content\cycomponentlibrary\CyComponentLibrary.cylib\BLE_v2_0\Library\gccCyBLEStack_BLE_SOC_PERIPHERAL.a(ll.o)
                0x00004458                ll_handle_reset

i.ll_handle_set_random_address
                0x00004466       0x36
 i.ll_handle_set_random_address
                0x00004466       0x36 Z:\Program Files (x86)\Cypress\PSoC Creator\3.3\PSoC Creator\psoc\content\cycomponentlibrary\CyComponentLibrary.cylib\BLE_v2_0\Library\gccCyBLEStack_BLE_SOC_PERIPHERAL.a(ll.o)
                0x00004466                ll_handle_set_random_address

i.ll_init       0x0000449c       0x18
 i.ll_init      0x0000449c       0x18 Z:\Program Files (x86)\Cypress\PSoC Creator\3.3\PSoC Creator\psoc\content\cycomponentlibrary\CyComponentLibrary.cylib\BLE_v2_0\Library\gccCyBLEStack_BLE_SOC_PERIPHERAL.a(ll.o)
                0x0000449c                ll_init

i.ll_initialize_device_attributes
                0x000044b4       0x4c
 i.ll_initialize_device_attributes
                0x000044b4       0x4c Z:\Program Files (x86)\Cypress\PSoC Creator\3.3\PSoC Creator\psoc\content\cycomponentlibrary\CyComponentLibrary.cylib\BLE_v2_0\Library\gccCyBLEStack_BLE_SOC_PERIPHERAL.a(ll.o)
                0x000044b4                ll_initialize_device_attributes

i.ll_is_pkt_pending
                0x00004500       0x2a
 i.ll_is_pkt_pending
                0x00004500       0x2a Z:\Program Files (x86)\Cypress\PSoC Creator\3.3\PSoC Creator\psoc\content\cycomponentlibrary\CyComponentLibrary.cylib\BLE_v2_0\Library\gccCyBLEStack_BLE_SOC_PERIPHERAL.a(ll.o)
                0x00004500                ll_is_pkt_pending

i.ll_is_sent_pkt_pending
                0x0000452a       0x1a
 i.ll_is_sent_pkt_pending
                0x0000452a       0x1a Z:\Program Files (x86)\Cypress\PSoC Creator\3.3\PSoC Creator\psoc\content\cycomponentlibrary\CyComponentLibrary.cylib\BLE_v2_0\Library\gccCyBLEStack_BLE_SOC_PERIPHERAL.a(ll.o)
                0x0000452a                ll_is_sent_pkt_pending

i.ll_isr_exit_low_power_mode
                0x00004544       0x16
 i.ll_isr_exit_low_power_mode
                0x00004544       0x16 Z:\Program Files (x86)\Cypress\PSoC Creator\3.3\PSoC Creator\psoc\content\cycomponentlibrary\CyComponentLibrary.cylib\BLE_v2_0\Library\gccCyBLEStack_BLE_SOC_PERIPHERAL.a(ll.o)
                0x00004544                ll_isr_exit_low_power_mode

i.ll_load_host_data_packet
                0x0000455a       0x4a
 i.ll_load_host_data_packet
                0x0000455a       0x4a Z:\Program Files (x86)\Cypress\PSoC Creator\3.3\PSoC Creator\psoc\content\cycomponentlibrary\CyComponentLibrary.cylib\BLE_v2_0\Library\gccCyBLEStack_BLE_SOC_PERIPHERAL.a(ll.o)
                0x0000455a                ll_load_host_data_packet

i.ll_load_packet_to_fifo
                0x000045a4       0x6e
 i.ll_load_packet_to_fifo
                0x000045a4       0x6e Z:\Program Files (x86)\Cypress\PSoC Creator\3.3\PSoC Creator\psoc\content\cycomponentlibrary\CyComponentLibrary.cylib\BLE_v2_0\Library\gccCyBLEStack_BLE_SOC_PERIPHERAL.a(ll.o)
                0x000045a4                ll_load_packet_to_fifo

i.ll_process_acks
                0x00004612       0x3c
 i.ll_process_acks
                0x00004612       0x3c Z:\Program Files (x86)\Cypress\PSoC Creator\3.3\PSoC Creator\psoc\content\cycomponentlibrary\CyComponentLibrary.cylib\BLE_v2_0\Library\gccCyBLEStack_BLE_SOC_PERIPHERAL.a(ll.o)
                0x00004612                ll_process_acks

i.ll_reset      0x0000464e       0x12
 i.ll_reset     0x0000464e       0x12 Z:\Program Files (x86)\Cypress\PSoC Creator\3.3\PSoC Creator\psoc\content\cycomponentlibrary\CyComponentLibrary.cylib\BLE_v2_0\Library\gccCyBLEStack_BLE_SOC_PERIPHERAL.a(ll.o)
                0x0000464e                ll_reset

i.ll_update_active_features
                0x00004660       0x58
 i.ll_update_active_features
                0x00004660       0x58 Z:\Program Files (x86)\Cypress\PSoC Creator\3.3\PSoC Creator\psoc\content\cycomponentlibrary\CyComponentLibrary.cylib\BLE_v2_0\Library\gccCyBLEStack_BLE_SOC_PERIPHERAL.a(ll.o)
                0x00004660                ll_update_active_features

i.ll_update_device_fsm
                0x000046b8        0x8
 i.ll_update_device_fsm
                0x000046b8        0x8 Z:\Program Files (x86)\Cypress\PSoC Creator\3.3\PSoC Creator\psoc\content\cycomponentlibrary\CyComponentLibrary.cylib\BLE_v2_0\Library\gccCyBLEStack_BLE_SOC_PERIPHERAL.a(ll.o)
                0x000046b8                ll_update_device_fsm

i.pf_le_start_timer
                0x000046c0       0x16
 i.pf_le_start_timer
                0x000046c0       0x16 Z:\Program Files (x86)\Cypress\PSoC Creator\3.3\PSoC Creator\psoc\content\cycomponentlibrary\CyComponentLibrary.cylib\BLE_v2_0\Library\gccCyBLEStack_BLE_SOC_PERIPHERAL.a(ll.o)
                0x000046c0                pf_le_start_timer

i.pf_le_stop_timer
                0x000046d6       0x12
 i.pf_le_stop_timer
                0x000046d6       0x12 Z:\Program Files (x86)\Cypress\PSoC Creator\3.3\PSoC Creator\psoc\content\cycomponentlibrary\CyComponentLibrary.cylib\BLE_v2_0\Library\gccCyBLEStack_BLE_SOC_PERIPHERAL.a(ll.o)
                0x000046d6                pf_le_stop_timer

i.CyBleControllerIP_TuneAdvEventInterPktSlots
                0x000046e8       0x44
 i.CyBleControllerIP_TuneAdvEventInterPktSlots
                0x000046e8       0x44 Z:\Program Files (x86)\Cypress\PSoC Creator\3.3\PSoC Creator\psoc\content\cycomponentlibrary\CyComponentLibrary.cylib\BLE_v2_0\Library\gccCyBLEStack_BLE_SOC_PERIPHERAL.a(ll_advertiser.o)
                0x000046e8                CyBleControllerIP_TuneAdvEventInterPktSlots

i.ll_adv_is_configured_connection_adv
                0x0000472c       0x1e
 i.ll_adv_is_configured_connection_adv
                0x0000472c       0x1e Z:\Program Files (x86)\Cypress\PSoC Creator\3.3\PSoC Creator\psoc\content\cycomponentlibrary\CyComponentLibrary.cylib\BLE_v2_0\Library\gccCyBLEStack_BLE_SOC_PERIPHERAL.a(ll_advertiser.o)
                0x0000472c                ll_adv_is_configured_connection_adv

i.ll_check_random_address_in_use_by_advertiser
                0x0000474a       0x10
 i.ll_check_random_address_in_use_by_advertiser
                0x0000474a       0x10 Z:\Program Files (x86)\Cypress\PSoC Creator\3.3\PSoC Creator\psoc\content\cycomponentlibrary\CyComponentLibrary.cylib\BLE_v2_0\Library\gccCyBLEStack_BLE_SOC_PERIPHERAL.a(ll_advertiser.o)
                0x0000474a                ll_check_random_address_in_use_by_advertiser

i.ll_check_whitelist_in_use_by_advertiser
                0x0000475a       0x10
 i.ll_check_whitelist_in_use_by_advertiser
                0x0000475a       0x10 Z:\Program Files (x86)\Cypress\PSoC Creator\3.3\PSoC Creator\psoc\content\cycomponentlibrary\CyComponentLibrary.cylib\BLE_v2_0\Library\gccCyBLEStack_BLE_SOC_PERIPHERAL.a(ll_advertiser.o)
                0x0000475a                ll_check_whitelist_in_use_by_advertiser

i.ll_get_adv_status
                0x0000476a        0xc
 i.ll_get_adv_status
                0x0000476a        0xc Z:\Program Files (x86)\Cypress\PSoC Creator\3.3\PSoC Creator\psoc\content\cycomponentlibrary\CyComponentLibrary.cylib\BLE_v2_0\Library\gccCyBLEStack_BLE_SOC_PERIPHERAL.a(ll_advertiser.o)
                0x0000476a                ll_get_adv_status

i.ll_get_adv_type
                0x00004776       0x16
 i.ll_get_adv_type
                0x00004776       0x16 Z:\Program Files (x86)\Cypress\PSoC Creator\3.3\PSoC Creator\psoc\content\cycomponentlibrary\CyComponentLibrary.cylib\BLE_v2_0\Library\gccCyBLEStack_BLE_SOC_PERIPHERAL.a(ll_advertiser.o)
                0x00004776                ll_get_adv_type

i.ll_handle_adv_intr
                0x0000478c       0x50
 i.ll_handle_adv_intr
                0x0000478c       0x50 Z:\Program Files (x86)\Cypress\PSoC Creator\3.3\PSoC Creator\psoc\content\cycomponentlibrary\CyComponentLibrary.cylib\BLE_v2_0\Library\gccCyBLEStack_BLE_SOC_PERIPHERAL.a(ll_advertiser.o)
                0x0000478c                ll_handle_adv_intr

i.ll_handle_set_adv_data
                0x000047dc       0x14
 i.ll_handle_set_adv_data
                0x000047dc       0x14 Z:\Program Files (x86)\Cypress\PSoC Creator\3.3\PSoC Creator\psoc\content\cycomponentlibrary\CyComponentLibrary.cylib\BLE_v2_0\Library\gccCyBLEStack_BLE_SOC_PERIPHERAL.a(ll_advertiser.o)
                0x000047dc                ll_handle_set_adv_data

i.ll_handle_set_adv_parameters
                0x000047f0       0x84
 i.ll_handle_set_adv_parameters
                0x000047f0       0x84 Z:\Program Files (x86)\Cypress\PSoC Creator\3.3\PSoC Creator\psoc\content\cycomponentlibrary\CyComponentLibrary.cylib\BLE_v2_0\Library\gccCyBLEStack_BLE_SOC_PERIPHERAL.a(ll_advertiser.o)
                0x000047f0                ll_handle_set_adv_parameters

i.ll_handle_set_advertise_enable
                0x00004874       0x70
 i.ll_handle_set_advertise_enable
                0x00004874       0x70 Z:\Program Files (x86)\Cypress\PSoC Creator\3.3\PSoC Creator\psoc\content\cycomponentlibrary\CyComponentLibrary.cylib\BLE_v2_0\Library\gccCyBLEStack_BLE_SOC_PERIPHERAL.a(ll_advertiser.o)
                0x00004874                ll_handle_set_advertise_enable

i.ll_handle_set_scan_resp_data
                0x000048e4       0x14
 i.ll_handle_set_scan_resp_data
                0x000048e4       0x14 Z:\Program Files (x86)\Cypress\PSoC Creator\3.3\PSoC Creator\psoc\content\cycomponentlibrary\CyComponentLibrary.cylib\BLE_v2_0\Library\gccCyBLEStack_BLE_SOC_PERIPHERAL.a(ll_advertiser.o)
                0x000048e4                ll_handle_set_scan_resp_data

i.ll_init_advertiser
                0x000048f8       0x68
 i.ll_init_advertiser
                0x000048f8       0x68 Z:\Program Files (x86)\Cypress\PSoC Creator\3.3\PSoC Creator\psoc\content\cycomponentlibrary\CyComponentLibrary.cylib\BLE_v2_0\Library\gccCyBLEStack_BLE_SOC_PERIPHERAL.a(ll_advertiser.o)
                0x000048f8                ll_init_advertiser

i.is_le_connection_handle
                0x00004960       0x28
 i.is_le_connection_handle
                0x00004960       0x28 Z:\Program Files (x86)\Cypress\PSoC Creator\3.3\PSoC Creator\psoc\content\cycomponentlibrary\CyComponentLibrary.cylib\BLE_v2_0\Library\gccCyBLEStack_BLE_SOC_PERIPHERAL.a(ll_connection.o)
                0x00004960                is_le_connection_handle

i.le_assign_connection_handle
                0x00004988       0x28
 i.le_assign_connection_handle
                0x00004988       0x28 Z:\Program Files (x86)\Cypress\PSoC Creator\3.3\PSoC Creator\psoc\content\cycomponentlibrary\CyComponentLibrary.cylib\BLE_v2_0\Library\gccCyBLEStack_BLE_SOC_PERIPHERAL.a(ll_connection.o)
                0x00004988                le_assign_connection_handle

i.le_get_connection_index
                0x000049b0        0x6
 i.le_get_connection_index
                0x000049b0        0x6 Z:\Program Files (x86)\Cypress\PSoC Creator\3.3\PSoC Creator\psoc\content\cycomponentlibrary\CyComponentLibrary.cylib\BLE_v2_0\Library\gccCyBLEStack_BLE_SOC_PERIPHERAL.a(ll_connection.o)
                0x000049b0                le_get_connection_index

i.ll_allocate_connection
                0x000049b8       0x44
 i.ll_allocate_connection
                0x000049b8       0x44 Z:\Program Files (x86)\Cypress\PSoC Creator\3.3\PSoC Creator\psoc\content\cycomponentlibrary\CyComponentLibrary.cylib\BLE_v2_0\Library\gccCyBLEStack_BLE_SOC_PERIPHERAL.a(ll_connection.o)
                0x000049b8                ll_allocate_connection

i.ll_calculate_and_program_def_win_widen_drift
                0x000049fc       0x14
 i.ll_calculate_and_program_def_win_widen_drift
                0x000049fc       0x14 Z:\Program Files (x86)\Cypress\PSoC Creator\3.3\PSoC Creator\psoc\content\cycomponentlibrary\CyComponentLibrary.cylib\BLE_v2_0\Library\gccCyBLEStack_BLE_SOC_PERIPHERAL.a(ll_connection.o)
                0x000049fc                ll_calculate_and_program_def_win_widen_drift

i.ll_calculate_drift
                0x00004a10       0x2c
 i.ll_calculate_drift
                0x00004a10       0x2c Z:\Program Files (x86)\Cypress\PSoC Creator\3.3\PSoC Creator\psoc\content\cycomponentlibrary\CyComponentLibrary.cylib\BLE_v2_0\Library\gccCyBLEStack_BLE_SOC_PERIPHERAL.a(ll_connection.o)
                0x00004a10                ll_calculate_drift

i.ll_check_and_decrypt_ll_pdu
                0x00004a3c       0x68
 i.ll_check_and_decrypt_ll_pdu
                0x00004a3c       0x68 Z:\Program Files (x86)\Cypress\PSoC Creator\3.3\PSoC Creator\psoc\content\cycomponentlibrary\CyComponentLibrary.cylib\BLE_v2_0\Library\gccCyBLEStack_BLE_SOC_PERIPHERAL.a(ll_connection.o)
                0x00004a3c                ll_check_and_decrypt_ll_pdu

i.ll_check_and_decrypt_packet
                0x00004aa4       0x6a
 i.ll_check_and_decrypt_packet
                0x00004aa4       0x6a Z:\Program Files (x86)\Cypress\PSoC Creator\3.3\PSoC Creator\psoc\content\cycomponentlibrary\CyComponentLibrary.cylib\BLE_v2_0\Library\gccCyBLEStack_BLE_SOC_PERIPHERAL.a(ll_connection.o)
                0x00004aa4                ll_check_and_decrypt_packet

i.ll_check_and_encrypt_ll_pdu
                0x00004b0e       0x72
 i.ll_check_and_encrypt_ll_pdu
                0x00004b0e       0x72 Z:\Program Files (x86)\Cypress\PSoC Creator\3.3\PSoC Creator\psoc\content\cycomponentlibrary\CyComponentLibrary.cylib\BLE_v2_0\Library\gccCyBLEStack_BLE_SOC_PERIPHERAL.a(ll_connection.o)
                0x00004b0e                ll_check_and_encrypt_ll_pdu

i.ll_check_and_encrypt_packet
                0x00004b80       0x8a
 i.ll_check_and_encrypt_packet
                0x00004b80       0x8a Z:\Program Files (x86)\Cypress\PSoC Creator\3.3\PSoC Creator\psoc\content\cycomponentlibrary\CyComponentLibrary.cylib\BLE_v2_0\Library\gccCyBLEStack_BLE_SOC_PERIPHERAL.a(ll_connection.o)
                0x00004b80                ll_check_and_encrypt_packet

i.ll_check_for_allowing_incoming_connection_update
                0x00004c0a       0x42
 i.ll_check_for_allowing_incoming_connection_update
                0x00004c0a       0x42 Z:\Program Files (x86)\Cypress\PSoC Creator\3.3\PSoC Creator\psoc\content\cycomponentlibrary\CyComponentLibrary.cylib\BLE_v2_0\Library\gccCyBLEStack_BLE_SOC_PERIPHERAL.a(ll_connection.o)
                0x00004c0a                ll_check_for_allowing_incoming_connection_update

i.ll_check_if_pdu_is_loaded_to_hardware
                0x00004c4c       0x1c
 i.ll_check_if_pdu_is_loaded_to_hardware
                0x00004c4c       0x1c Z:\Program Files (x86)\Cypress\PSoC Creator\3.3\PSoC Creator\psoc\content\cycomponentlibrary\CyComponentLibrary.cylib\BLE_v2_0\Library\gccCyBLEStack_BLE_SOC_PERIPHERAL.a(ll_connection.o)
                0x00004c4c                ll_check_if_pdu_is_loaded_to_hardware